Archive member included to satisfy reference by file (symbol)

C:/ST/STM32CubeIDE_1.16.1/STM32CubeIDE/plugins/com.st.stm32cube.ide.mcu.externaltools.gnu-tools-for-stm32.12.3.rel1.win32_1.0.200.202406191623/tools/bin/../lib/gcc/arm-none-eabi/12.3.1/../../../../arm-none-eabi/lib/thumb/v7e-m+fp/hard\libc_nano.a(libc_a-exit.o)
                              C:/ST/STM32CubeIDE_1.16.1/STM32CubeIDE/plugins/com.st.stm32cube.ide.mcu.externaltools.gnu-tools-for-stm32.12.3.rel1.win32_1.0.200.202406191623/tools/bin/../lib/gcc/arm-none-eabi/12.3.1/../../../../arm-none-eabi/lib/thumb/v7e-m+fp/hard/crt0.o (exit)
C:/ST/STM32CubeIDE_1.16.1/STM32CubeIDE/plugins/com.st.stm32cube.ide.mcu.externaltools.gnu-tools-for-stm32.12.3.rel1.win32_1.0.200.202406191623/tools/bin/../lib/gcc/arm-none-eabi/12.3.1/../../../../arm-none-eabi/lib/thumb/v7e-m+fp/hard\libc_nano.a(libc_a-findfp.o)
                              C:/ST/STM32CubeIDE_1.16.1/STM32CubeIDE/plugins/com.st.stm32cube.ide.mcu.externaltools.gnu-tools-for-stm32.12.3.rel1.win32_1.0.200.202406191623/tools/bin/../lib/gcc/arm-none-eabi/12.3.1/../../../../arm-none-eabi/lib/thumb/v7e-m+fp/hard\libc_nano.a(libc_a-exit.o) (__stdio_exit_handler)
C:/ST/STM32CubeIDE_1.16.1/STM32CubeIDE/plugins/com.st.stm32cube.ide.mcu.externaltools.gnu-tools-for-stm32.12.3.rel1.win32_1.0.200.202406191623/tools/bin/../lib/gcc/arm-none-eabi/12.3.1/../../../../arm-none-eabi/lib/thumb/v7e-m+fp/hard\libc_nano.a(libc_a-fwalk.o)
                              C:/ST/STM32CubeIDE_1.16.1/STM32CubeIDE/plugins/com.st.stm32cube.ide.mcu.externaltools.gnu-tools-for-stm32.12.3.rel1.win32_1.0.200.202406191623/tools/bin/../lib/gcc/arm-none-eabi/12.3.1/../../../../arm-none-eabi/lib/thumb/v7e-m+fp/hard\libc_nano.a(libc_a-findfp.o) (_fwalk_sglue)
C:/ST/STM32CubeIDE_1.16.1/STM32CubeIDE/plugins/com.st.stm32cube.ide.mcu.externaltools.gnu-tools-for-stm32.12.3.rel1.win32_1.0.200.202406191623/tools/bin/../lib/gcc/arm-none-eabi/12.3.1/../../../../arm-none-eabi/lib/thumb/v7e-m+fp/hard\libc_nano.a(libc_a-sprintf.o)
                              ./Core/Src/main.o (sprintf)
C:/ST/STM32CubeIDE_1.16.1/STM32CubeIDE/plugins/com.st.stm32cube.ide.mcu.externaltools.gnu-tools-for-stm32.12.3.rel1.win32_1.0.200.202406191623/tools/bin/../lib/gcc/arm-none-eabi/12.3.1/../../../../arm-none-eabi/lib/thumb/v7e-m+fp/hard\libc_nano.a(libc_a-stdio.o)
                              C:/ST/STM32CubeIDE_1.16.1/STM32CubeIDE/plugins/com.st.stm32cube.ide.mcu.externaltools.gnu-tools-for-stm32.12.3.rel1.win32_1.0.200.202406191623/tools/bin/../lib/gcc/arm-none-eabi/12.3.1/../../../../arm-none-eabi/lib/thumb/v7e-m+fp/hard\libc_nano.a(libc_a-findfp.o) (__sread)
C:/ST/STM32CubeIDE_1.16.1/STM32CubeIDE/plugins/com.st.stm32cube.ide.mcu.externaltools.gnu-tools-for-stm32.12.3.rel1.win32_1.0.200.202406191623/tools/bin/../lib/gcc/arm-none-eabi/12.3.1/../../../../arm-none-eabi/lib/thumb/v7e-m+fp/hard\libc_nano.a(libc_a-memset.o)
                              C:/ST/STM32CubeIDE_1.16.1/STM32CubeIDE/plugins/com.st.stm32cube.ide.mcu.externaltools.gnu-tools-for-stm32.12.3.rel1.win32_1.0.200.202406191623/tools/bin/../lib/gcc/arm-none-eabi/12.3.1/../../../../arm-none-eabi/lib/thumb/v7e-m+fp/hard/crt0.o (memset)
C:/ST/STM32CubeIDE_1.16.1/STM32CubeIDE/plugins/com.st.stm32cube.ide.mcu.externaltools.gnu-tools-for-stm32.12.3.rel1.win32_1.0.200.202406191623/tools/bin/../lib/gcc/arm-none-eabi/12.3.1/../../../../arm-none-eabi/lib/thumb/v7e-m+fp/hard\libc_nano.a(libc_a-closer.o)
                              C:/ST/STM32CubeIDE_1.16.1/STM32CubeIDE/plugins/com.st.stm32cube.ide.mcu.externaltools.gnu-tools-for-stm32.12.3.rel1.win32_1.0.200.202406191623/tools/bin/../lib/gcc/arm-none-eabi/12.3.1/../../../../arm-none-eabi/lib/thumb/v7e-m+fp/hard\libc_nano.a(libc_a-stdio.o) (_close_r)
C:/ST/STM32CubeIDE_1.16.1/STM32CubeIDE/plugins/com.st.stm32cube.ide.mcu.externaltools.gnu-tools-for-stm32.12.3.rel1.win32_1.0.200.202406191623/tools/bin/../lib/gcc/arm-none-eabi/12.3.1/../../../../arm-none-eabi/lib/thumb/v7e-m+fp/hard\libc_nano.a(libc_a-reent.o)
                              C:/ST/STM32CubeIDE_1.16.1/STM32CubeIDE/plugins/com.st.stm32cube.ide.mcu.externaltools.gnu-tools-for-stm32.12.3.rel1.win32_1.0.200.202406191623/tools/bin/../lib/gcc/arm-none-eabi/12.3.1/../../../../arm-none-eabi/lib/thumb/v7e-m+fp/hard\libc_nano.a(libc_a-closer.o) (errno)
C:/ST/STM32CubeIDE_1.16.1/STM32CubeIDE/plugins/com.st.stm32cube.ide.mcu.externaltools.gnu-tools-for-stm32.12.3.rel1.win32_1.0.200.202406191623/tools/bin/../lib/gcc/arm-none-eabi/12.3.1/../../../../arm-none-eabi/lib/thumb/v7e-m+fp/hard\libc_nano.a(libc_a-impure.o)
                              C:/ST/STM32CubeIDE_1.16.1/STM32CubeIDE/plugins/com.st.stm32cube.ide.mcu.externaltools.gnu-tools-for-stm32.12.3.rel1.win32_1.0.200.202406191623/tools/bin/../lib/gcc/arm-none-eabi/12.3.1/../../../../arm-none-eabi/lib/thumb/v7e-m+fp/hard\libc_nano.a(libc_a-sprintf.o) (_impure_ptr)
[...]
Memory Configuration

Name             Origin             Length             Attributes
CCMRAM           0x10000000         0x00010000         xrw
RAM              0x20000000         0x00030000         xrw
FLASH            0x08000000         0x00200000         xr
*default*        0x00000000         0xffffffff

Linker script and memory map

LOAD C:/ST/STM32CubeIDE_1.16.1/STM32CubeIDE/plugins/com.st.stm32cube.ide.mcu.externaltools.gnu-tools-for-stm32.12.3.rel1.win32_1.0.200.202406191623/tools/bin/../lib/gcc/arm-none-eabi/12.3.1/thumb/v7e-m+fp/hard/crti.o
LOAD C:/ST/STM32CubeIDE_1.16.1/STM32CubeIDE/plugins/com.st.stm32cube.ide.mcu.externaltools.gnu-tools-for-stm32.12.3.rel1.win32_1.0.200.202406191623/tools/bin/../lib/gcc/arm-none-eabi/12.3.1/thumb/v7e-m+fp/hard/crtbegin.o
LOAD C:/ST/STM32CubeIDE_1.16.1/STM32CubeIDE/plugins/com.st.stm32cube.ide.mcu.externaltools.gnu-tools-for-stm32.12.3.rel1.win32_1.0.200.202406191623/tools/bin/../lib/gcc/arm-none-eabi/12.3.1/../../../../arm-none-eabi/lib/thumb/v7e-m+fp/hard/crt0.o
LOAD ./Core/Src/main.o
LOAD ./Core/Src/stm32f4xx_hal_msp.o
LOAD ./Core/Src/stm32f4xx_it.o
LOAD ./Core/Src/syscalls.o
LOAD ./Core/Src/sysmem.o
LOAD ./Core/Src/system_stm32f4xx.o
LOAD ./Core/Startup/startup_stm32f429zitx.o
LOAD ./Drivers/BSP/Components/cs43l22/cs43l22.o
LOAD ./Drivers/BSP/Components/dp83848/dp83848.o
LOAD ./Drivers/BSP/Components/exc7200/exc7200.o
LOAD ./Drivers/BSP/Components/ft3x67/ft3x67.o
LOAD ./Drivers/BSP/Components/ft6x06/ft6x06.o
LOAD ./Drivers/BSP/Components/i3g4250d/i3g4250d.o
LOAD ./Drivers/BSP/Components/ili9325/ili9325.o
LOAD ./Drivers/BSP/Components/ili9341/ili9341.o
LOAD ./Drivers/BSP/Components/l3gd20/l3gd20.o
LOAD ./Drivers/BSP/Components/lan8742/lan8742.o
LOAD ./Drivers/BSP/Components/lis302dl/lis302dl.o
LOAD ./Drivers/BSP/Components/lis3dsh/lis3dsh.o
LOAD ./Drivers/BSP/Components/ls016b8uy/ls016b8uy.o
LOAD ./Drivers/BSP/Components/lsm303agr/lsm303agr.o
LOAD ./Drivers/BSP/Components/lsm303dlhc/lsm303dlhc.o
LOAD ./Drivers/BSP/Components/mfxstm32l152/mfxstm32l152.o
LOAD ./Drivers/BSP/Components/nt35510/nt35510.o
LOAD ./Drivers/BSP/Components/otm8009a/otm8009a.o
LOAD ./Drivers/BSP/Components/ov2640/ov2640.o
LOAD ./Drivers/BSP/Components/ov5640/ov5640.o
LOAD ./Drivers/BSP/Components/s5k5cag/s5k5cag.o
LOAD ./Drivers/BSP/Components/st7735/st7735.o
LOAD ./Drivers/BSP/Components/st7789h2/st7789h2.o
LOAD ./Drivers/BSP/Components/stmpe1600/stmpe1600.o
LOAD ./Drivers/BSP/Components/stmpe811/stmpe811.o
LOAD ./Drivers/BSP/Components/ts3510/ts3510.o
LOAD ./Drivers/BSP/Components/wm8994/wm8994.o
LOAD ./Drivers/BSP/STM32F429I-Discovery/stm32f429i_discovery.o
LOAD ./Drivers/BSP/STM32F429I-Discovery/stm32f429i_discovery_eeprom.o
LOAD ./Drivers/BSP/STM32F429I-Discovery/stm32f429i_discovery_gyroscope.o
LOAD ./Drivers/BSP/STM32F429I-Discovery/stm32f429i_discovery_io.o
LOAD ./Drivers/BSP/STM32F429I-Discovery/stm32f429i_discovery_lcd.o
LOAD ./Drivers/BSP/STM32F429I-Discovery/stm32f429i_discovery_sdram.o
LOAD ./Drivers/BSP/STM32F429I-Discovery/stm32f429i_discovery_ts.o
LOAD ./Drivers/STM32F4xx_HAL_Driver/Src/stm32f4xx_hal.o
LOAD ./Drivers/STM32F4xx_HAL_Driver/Src/stm32f4xx_hal_cortex.o
LOAD ./Drivers/STM32F4xx_HAL_Driver/Src/stm32f4xx_hal_dma.o
LOAD ./Drivers/STM32F4xx_HAL_Driver/Src/stm32f4xx_hal_dma2d.o
LOAD ./Drivers/STM32F4xx_HAL_Driver/Src/stm32f4xx_hal_dma_ex.o
LOAD ./Drivers/STM32F4xx_HAL_Driver/Src/stm32f4xx_hal_exti.o
LOAD ./Drivers/STM32F4xx_HAL_Driver/Src/stm32f4xx_hal_flash.o
LOAD ./Drivers/STM32F4xx_HAL_Driver/Src/stm32f4xx_hal_flash_ex.o
LOAD ./Drivers/STM32F4xx_HAL_Driver/Src/stm32f4xx_hal_flash_ramfunc.o
LOAD ./Drivers/STM32F4xx_HAL_Driver/Src/stm32f4xx_hal_gpio.o
LOAD ./Drivers/STM32F4xx_HAL_Driver/Src/stm32f4xx_hal_ltdc.o
LOAD ./Drivers/STM32F4xx_HAL_Driver/Src/stm32f4xx_hal_pcd.o
LOAD ./Drivers/STM32F4xx_HAL_Driver/Src/stm32f4xx_hal_pcd_ex.o
LOAD ./Drivers/STM32F4xx_HAL_Driver/Src/stm32f4xx_hal_pwr.o
LOAD ./Drivers/STM32F4xx_HAL_Driver/Src/stm32f4xx_hal_pwr_ex.o
LOAD ./Drivers/STM32F4xx_HAL_Driver/Src/stm32f4xx_hal_rcc.o
LOAD ./Drivers/STM32F4xx_HAL_Driver/Src/stm32f4xx_hal_rcc_ex.o
LOAD ./Drivers/STM32F4xx_HAL_Driver/Src/stm32f4xx_hal_sdram.o
LOAD ./Drivers/STM32F4xx_HAL_Driver/Src/stm32f4xx_hal_spi.o
LOAD ./Drivers/STM32F4xx_HAL_Driver/Src/stm32f4xx_hal_tim.o
LOAD ./Drivers/STM32F4xx_HAL_Driver/Src/stm32f4xx_hal_tim_ex.o
LOAD ./Drivers/STM32F4xx_HAL_Driver/Src/stm32f4xx_ll_fmc.o
LOAD ./Drivers/STM32F4xx_HAL_Driver/Src/stm32f4xx_ll_usb.o
LOAD ./Middlewares/ST/STM32_USB_Device_Library/Class/CDC/Src/usbd_cdc.o
LOAD ./Middlewares/ST/STM32_USB_Device_Library/Core/Src/usbd_core.o
LOAD ./Middlewares/ST/STM32_USB_Device_Library/Core/Src/usbd_ctlreq.o
LOAD ./Middlewares/ST/STM32_USB_Device_Library/Core/Src/usbd_ioreq.o
LOAD ./USB_DEVICE/App/usb_device.o
LOAD ./USB_DEVICE/App/usbd_cdc_if.o
LOAD ./USB_DEVICE/App/usbd_desc.o
LOAD ./USB_DEVICE/Target/usbd_conf.o
START GROUP
LOAD C:/ST/STM32CubeIDE_1.16.1/STM32CubeIDE/plugins/com.st.stm32cube.ide.mcu.externaltools.gnu-tools-for-stm32.12.3.rel1.win32_1.0.200.202406191623/tools/bin/../lib/gcc/arm-none-eabi/12.3.1/../../../../arm-none-eabi/lib/thumb/v7e-m+fp/hard\libc_nano.a
LOAD C:/ST/STM32CubeIDE_1.16.1/STM32CubeIDE/plugins/com.st.stm32cube.ide.mcu.externaltools.gnu-tools-for-stm32.12.3.rel1.win32_1.0.200.202406191623/tools/bin/../lib/gcc/arm-none-eabi/12.3.1/../../../../arm-none-eabi/lib/thumb/v7e-m+fp/hard\libm.a
END GROUP
START GROUP
LOAD C:/ST/STM32CubeIDE_1.16.1/STM32CubeIDE/plugins/com.st.stm32cube.ide.mcu.externaltools.gnu-tools-for-stm32.12.3.rel1.win32_1.0.200.202406191623/tools/bin/../lib/gcc/arm-none-eabi/12.3.1/thumb/v7e-m+fp/hard\libgcc.a
LOAD C:/ST/STM32CubeIDE_1.16.1/STM32CubeIDE/plugins/com.st.stm32cube.ide.mcu.externaltools.gnu-tools-for-stm32.12.3.rel1.win32_1.0.200.202406191623/tools/bin/../lib/gcc/arm-none-eabi/12.3.1/../../../../arm-none-eabi/lib/thumb/v7e-m+fp/hard\libc_nano.a
END GROUP
START GROUP
LOAD C:/ST/STM32CubeIDE_1.16.1/STM32CubeIDE/plugins/com.st.stm32cube.ide.mcu.externaltools.gnu-tools-for-stm32.12.3.rel1.win32_1.0.200.202406191623/tools/bin/../lib/gcc/arm-none-eabi/12.3.1/thumb/v7e-m+fp/hard\libgcc.a
LOAD C:/ST/STM32CubeIDE_1.16.1/STM32CubeIDE/plugins/com.st.stm32cube.ide.mcu.externaltools.gnu-tools-for-stm32.12.3.rel1.win32_1.0.200.202406191623/tools/bin/../lib/gcc/arm-none-eabi/12.3.1/../../../../arm-none-eabi/lib/thumb/v7e-m+fp/hard\libc_nano.a
LOAD C:/ST/STM32CubeIDE_1.16.1/STM32CubeIDE/plugins/com.st.stm32cube.ide.mcu.externaltools.gnu-tools-for-stm32.12.3.rel1.win32_1.0.200.202406191623/tools/bin/../lib/gcc/arm-none-eabi/12.3.1/../../../../arm-none-eabi/lib/thumb/v7e-m+fp/hard\libnosys.a
END GROUP
START GROUP
LOAD C:/ST/STM32CubeIDE_1.16.1/STM32CubeIDE/plugins/com.st.stm32cube.ide.mcu.externaltools.gnu-tools-for-stm32.12.3.rel1.win32_1.0.200.202406191623/tools/bin/../lib/gcc/arm-none-eabi/12.3.1/thumb/v7e-m+fp/hard\libgcc.a
LOAD C:/ST/STM32CubeIDE_1.16.1/STM32CubeIDE/plugins/com.st.stm32cube.ide.mcu.externaltools.gnu-tools-for-stm32.12.3.rel1.win32_1.0.200.202406191623/tools/bin/../lib/gcc/arm-none-eabi/12.3.1/../../../../arm-none-eabi/lib/thumb/v7e-m+fp/hard\libc_nano.a
LOAD C:/ST/STM32CubeIDE_1.16.1/STM32CubeIDE/plugins/com.st.stm32cube.ide.mcu.externaltools.gnu-tools-for-stm32.12.3.rel1.win32_1.0.200.202406191623/tools/bin/../lib/gcc/arm-none-eabi/12.3.1/../../../../arm-none-eabi/lib/thumb/v7e-m+fp/hard\libnosys.a
END GROUP
LOAD C:/ST/STM32CubeIDE_1.16.1/STM32CubeIDE/plugins/com.st.stm32cube.ide.mcu.externaltools.gnu-tools-for-stm32.12.3.rel1.win32_1.0.200.202406191623/tools/bin/../lib/gcc/arm-none-eabi/12.3.1/thumb/v7e-m+fp/hard/crtend.o
LOAD C:/ST/STM32CubeIDE_1.16.1/STM32CubeIDE/plugins/com.st.stm32cube.ide.mcu.externaltools.gnu-tools-for-stm32.12.3.rel1.win32_1.0.200.202406191623/tools/bin/../lib/gcc/arm-none-eabi/12.3.1/thumb/v7e-m+fp/hard/crtn.o
                0x20030000                        _estack = (ORIGIN (RAM) + LENGTH (RAM))
                0x00002000                        _Min_Heap_Size = 0x2000
                0x00000400                        _Min_Stack_Size = 0x400

.isr_vector     0x08000000      0x1ac
                0x08000000                        . = ALIGN (0x4)
 *(.isr_vector)
 .isr_vector    0x08000000      0x1ac ./Core/Startup/startup_stm32f429zitx.o
                0x08000000                g_pfnVectors
                0x080001ac                        . = ALIGN (0x4)

.text           0x080001b0     0xb600
                0x080001b0                        . = ALIGN (0x4)
 *(.text)
 .text          0x080001b0       0x40 C:/ST/STM32CubeIDE_1.16.1/STM32CubeIDE/plugins/com.st.stm32cube.ide.mcu.externaltools.gnu-tools-for-stm32.12.3.rel1.win32_1.0.200.202406191623/tools/bin/../lib/gcc/arm-none-eabi/12.3.1/thumb/v7e-m+fp/hard/crtbegin.o
 .text          0x080001f0       0xa0 C:/ST/STM32CubeIDE_1.16.1/STM32CubeIDE/plugins/com.st.stm32cube.ide.mcu.externaltools.gnu-tools-for-stm32.12.3.rel1.win32_1.0.200.202406191623/tools/bin/../lib/gcc/arm-none-eabi/12.3.1/../../../../arm-none-eabi/lib/thumb/v7e-m+fp/hard\libc_nano.a(libc_a-memchr.o)
                0x080001f0                memchr
 .text          0x08000290       0x30 C:/ST/STM32CubeIDE_1.16.1/STM32CubeIDE/plugins/com.st.stm32cube.ide.mcu.externaltools.gnu-tools-for-stm32.12.3.rel1.win32_1.0.200.202406191623/tools/bin/../lib/gcc/arm-none-eabi/12.3.1/thumb/v7e-m+fp/hard\libgcc.a(_aeabi_uldivmod.o)
                0x08000290                __aeabi_uldivmod
 .text          0x080002c0      0x2bc C:/ST/STM32CubeIDE_1.16.1/STM32CubeIDE/plugins/com.st.stm32cube.ide.mcu.externaltools.gnu-tools-for-stm32.12.3.rel1.win32_1.0.200.202406191623/tools/bin/../lib/gcc/arm-none-eabi/12.3.1/thumb/v7e-m+fp/hard\libgcc.a(_udivmoddi4.o)
                0x080002c0                __udivmoddi4
 .text          0x0800057c        0x4 C:/ST/STM32CubeIDE_1.16.1/STM32CubeIDE/plugins/com.st.stm32cube.ide.mcu.externaltools.gnu-tools-for-stm32.12.3.rel1.win32_1.0.200.202406191623/tools/bin/../lib/gcc/arm-none-eabi/12.3.1/thumb/v7e-m+fp/hard\libgcc.a(_dvmd_tls.o)
                0x0800057c                __aeabi_idiv0
                0x0800057c                __aeabi_ldiv0
 *(.text*)
 .text.main     0x08000580      0x20c ./Core/Src/main.o
                0x08000580                main
 .text.SystemClock_Config
                0x0800078c       0xd4 ./Core/Src/main.o
                0x0800078c                SystemClock_Config
 .text.MX_GPIO_Init
                0x08000860       0x6c ./Core/Src/main.o
 .text.Error_Handler
                0x080008cc        0xc ./Core/Src/main.o
                0x080008cc                Error_Handler
 .text.HAL_MspInit
                0x080008d8       0x50 ./Core/Src/stm32f4xx_hal_msp.o
                0x080008d8                HAL_MspInit
 .text.NMI_Handler
                0x08000928        0x8 ./Core/Src/stm32f4xx_it.o
                0x08000928                NMI_Handler
 .text.HardFault_Handler
                0x08000930        0x8 ./Core/Src/stm32f4xx_it.o
                0x08000930                HardFault_Handler
 .text.MemManage_Handler
                0x08000938        0x8 ./Core/Src/stm32f4xx_it.o
                0x08000938                MemManage_Handler
 .text.BusFault_Handler
                0x08000940        0x8 ./Core/Src/stm32f4xx_it.o
                0x08000940                BusFault_Handler
 .text.UsageFault_Handler
                0x08000948        0x8 ./Core/Src/stm32f4xx_it.o
                0x08000948                UsageFault_Handler
 .text.SVC_Handler
                0x08000950        0xe ./Core/Src/stm32f4xx_it.o
                0x08000950                SVC_Handler
 .text.DebugMon_Handler
                0x0800095e        0xe ./Core/Src/stm32f4xx_it.o
                0x0800095e                DebugMon_Handler
 .text.PendSV_Handler
                0x0800096c        0xe ./Core/Src/stm32f4xx_it.o
                0x0800096c                PendSV_Handler
 .text.SysTick_Handler
                0x0800097a        0xc ./Core/Src/stm32f4xx_it.o
                0x0800097a                SysTick_Handler
 *fill*         0x08000986        0x2 
 .text.OTG_HS_IRQHandler
                0x08000988       0x14 ./Core/Src/stm32f4xx_it.o
                0x08000988                OTG_HS_IRQHandler
 .text._sbrk    0x0800099c       0x6c ./Core/Src/sysmem.o
                0x0800099c                _sbrk
 .text.SystemInit
                0x08000a08       0x24 ./Core/Src/system_stm32f4xx.o
                0x08000a08                SystemInit
 .text.Reset_Handler
                0x08000a2c       0x50 ./Core/Startup/startup_stm32f429zitx.o
                0x08000a2c                Reset_Handler
 .text.Default_Handler
                0x08000a7c        0x2 ./Core/Startup/startup_stm32f429zitx.o
                0x08000a7c                RTC_Alarm_IRQHandler
                0x08000a7c                HASH_RNG_IRQHandler
                0x08000a7c                EXTI2_IRQHandler
                0x08000a7c                TIM8_CC_IRQHandler
                0x08000a7c                UART8_IRQHandler
                0x08000a7c                SPI4_IRQHandler
                0x08000a7c                TIM1_CC_IRQHandler
                0x08000a7c                DMA2_Stream5_IRQHandler
                0x08000a7c                DMA1_Stream5_IRQHandler
                0x08000a7c                PVD_IRQHandler
                0x08000a7c                SDIO_IRQHandler
                0x08000a7c                TAMP_STAMP_IRQHandler
                0x08000a7c                CAN2_RX1_IRQHandler
                0x08000a7c                EXTI3_IRQHandler
                0x08000a7c                TIM8_TRG_COM_TIM14_IRQHandler
                0x08000a7c                TIM1_UP_TIM10_IRQHandler
                0x08000a7c                TIM8_UP_TIM13_IRQHandler
                0x08000a7c                I2C3_ER_IRQHandler
                0x08000a7c                EXTI0_IRQHandler
                0x08000a7c                I2C2_EV_IRQHandler
                0x08000a7c                DMA1_Stream2_IRQHandler
                0x08000a7c                CAN1_RX0_IRQHandler
                0x08000a7c                FPU_IRQHandler
                0x08000a7c                OTG_HS_WKUP_IRQHandler
                0x08000a7c                LTDC_ER_IRQHandler
                0x08000a7c                CAN2_SCE_IRQHandler
                0x08000a7c                DMA2_Stream2_IRQHandler
                0x08000a7c                SPI1_IRQHandler
                0x08000a7c                TIM6_DAC_IRQHandler
                0x08000a7c                TIM1_BRK_TIM9_IRQHandler
                0x08000a7c                DCMI_IRQHandler
                0x08000a7c                CAN2_RX0_IRQHandler
                0x08000a7c                DMA2_Stream3_IRQHandler
                0x08000a7c                USART6_IRQHandler
                0x08000a7c                USART3_IRQHandler
                0x08000a7c                CAN1_RX1_IRQHandler
                0x08000a7c                UART5_IRQHandler
                0x08000a7c                DMA2_Stream0_IRQHandler
                0x08000a7c                TIM4_IRQHandler
                0x08000a7c                I2C1_EV_IRQHandler
                0x08000a7c                DMA1_Stream6_IRQHandler
                0x08000a7c                DMA1_Stream1_IRQHandler
                0x08000a7c                UART4_IRQHandler
                0x08000a7c                TIM3_IRQHandler
                0x08000a7c                RCC_IRQHandler
                0x08000a7c                TIM8_BRK_TIM12_IRQHandler
                0x08000a7c                Default_Handler
                0x08000a7c                EXTI15_10_IRQHandler
                0x08000a7c                ADC_IRQHandler
                0x08000a7c                DMA1_Stream7_IRQHandler
                0x08000a7c                SPI5_IRQHandler
                0x08000a7c                TIM7_IRQHandler
                0x08000a7c                CAN2_TX_IRQHandler
                0x08000a7c                TIM5_IRQHandler
                0x08000a7c                DMA2_Stream7_IRQHandler
                0x08000a7c                I2C3_EV_IRQHandler
                0x08000a7c                EXTI9_5_IRQHandler
                0x08000a7c                RTC_WKUP_IRQHandler
                0x08000a7c                LTDC_IRQHandler
                0x08000a7c                ETH_WKUP_IRQHandler
                0x08000a7c                SPI2_IRQHandler
                0x08000a7c                OTG_HS_EP1_IN_IRQHandler
                0x08000a7c                DMA1_Stream0_IRQHandler
                0x08000a7c                CAN1_TX_IRQHandler
                0x08000a7c                EXTI4_IRQHandler
                0x08000a7c                ETH_IRQHandler
                0x08000a7c                OTG_HS_EP1_OUT_IRQHandler
                0x08000a7c                WWDG_IRQHandler
                0x08000a7c                SPI6_IRQHandler
                0x08000a7c                TIM2_IRQHandler
                0x08000a7c                OTG_FS_WKUP_IRQHandler
                0x08000a7c                TIM1_TRG_COM_TIM11_IRQHandler
                0x08000a7c                DMA2D_IRQHandler
                0x08000a7c                EXTI1_IRQHandler
                0x08000a7c                UART7_IRQHandler
                0x08000a7c                USART2_IRQHandler
                0x08000a7c                I2C2_ER_IRQHandler
                0x08000a7c                DMA2_Stream1_IRQHandler
                0x08000a7c                CAN1_SCE_IRQHandler
                0x08000a7c                FLASH_IRQHandler
                0x08000a7c                DMA2_Stream4_IRQHandler
                0x08000a7c                USART1_IRQHandler
                0x08000a7c                OTG_FS_IRQHandler
                0x08000a7c                SPI3_IRQHandler
                0x08000a7c                DMA1_Stream4_IRQHandler
                0x08000a7c                I2C1_ER_IRQHandler
                0x08000a7c                FMC_IRQHandler
                0x08000a7c                DMA2_Stream6_IRQHandler
                0x08000a7c                SAI1_IRQHandler
                0x08000a7c                DMA1_Stream3_IRQHandler
 .text.ili9341_Init
                0x08000a7e      0x294 ./Drivers/BSP/Components/ili9341/ili9341.o
                0x08000a7e                ili9341_Init
 .text.ili9341_ReadID
                0x08000d12       0x18 ./Drivers/BSP/Components/ili9341/ili9341.o
                0x08000d12                ili9341_ReadID
 .text.ili9341_DisplayOn
                0x08000d2a        0xe ./Drivers/BSP/Components/ili9341/ili9341.o
                0x08000d2a                ili9341_DisplayOn
 .text.ili9341_DisplayOff
                0x08000d38        0xe ./Drivers/BSP/Components/ili9341/ili9341.o
                0x08000d38                ili9341_DisplayOff
 .text.ili9341_WriteReg
                0x08000d46       0x1a ./Drivers/BSP/Components/ili9341/ili9341.o
                0x08000d46                ili9341_WriteReg
 .text.ili9341_WriteData
                0x08000d60       0x1a ./Drivers/BSP/Components/ili9341/ili9341.o
                0x08000d60                ili9341_WriteData
 .text.ili9341_ReadData
                0x08000d7a       0x26 ./Drivers/BSP/Components/ili9341/ili9341.o
                0x08000d7a                ili9341_ReadData
 .text.ili9341_GetLcdPixelWidth
                0x08000da0       0x10 ./Drivers/BSP/Components/ili9341/ili9341.o
                0x08000da0                ili9341_GetLcdPixelWidth
 .text.ili9341_GetLcdPixelHeight
                0x08000db0       0x12 ./Drivers/BSP/Components/ili9341/ili9341.o
                0x08000db0                ili9341_GetLcdPixelHeight
 .text.L3GD20_Init
                0x08000dc2       0x46 ./Drivers/BSP/Components/l3gd20/l3gd20.o
                0x08000dc2                L3GD20_Init
 .text.L3GD20_DeInit
                0x08000e08        0xe ./Drivers/BSP/Components/l3gd20/l3gd20.o
                0x08000e08                L3GD20_DeInit
 .text.L3GD20_ReadID
                0x08000e16       0x20 ./Drivers/BSP/Components/l3gd20/l3gd20.o
                0x08000e16                L3GD20_ReadID
 .text.L3GD20_RebootCmd
                0x08000e36       0x30 ./Drivers/BSP/Components/l3gd20/l3gd20.o
                0x08000e36                L3GD20_RebootCmd
 .text.L3GD20_LowPower
                0x08000e66       0x2a ./Drivers/BSP/Components/l3gd20/l3gd20.o
                0x08000e66                L3GD20_LowPower
 .text.L3GD20_INT1InterruptConfig
                0x08000e90       0x86 ./Drivers/BSP/Components/l3gd20/l3gd20.o
                0x08000e90                L3GD20_INT1InterruptConfig
 .text.L3GD20_EnableIT
                0x08000f16       0x64 ./Drivers/BSP/Components/l3gd20/l3gd20.o
                0x08000f16                L3GD20_EnableIT
 .text.L3GD20_DisableIT
                0x08000f7a       0x58 ./Drivers/BSP/Components/l3gd20/l3gd20.o
                0x08000f7a                L3GD20_DisableIT
 .text.L3GD20_FilterConfig
                0x08000fd2       0x42 ./Drivers/BSP/Components/l3gd20/l3gd20.o
                0x08000fd2                L3GD20_FilterConfig
 .text.L3GD20_FilterCmd
                0x08001014       0x42 ./Drivers/BSP/Components/l3gd20/l3gd20.o
                0x08001014                L3GD20_FilterCmd
 *fill*         0x08001056        0x2 
 .text.L3GD20_ReadXYZAngRate
                0x08001058      0x150 ./Drivers/BSP/Components/l3gd20/l3gd20.o
                0x08001058                L3GD20_ReadXYZAngRate
 .text.SPIx_Init
                0x080011a8       0x74 ./Drivers/BSP/STM32F429I-Discovery/stm32f429i_discovery.o
 .text.SPIx_Read
                0x0800121c       0x40 ./Drivers/BSP/STM32F429I-Discovery/stm32f429i_discovery.o
 .text.SPIx_Write
                0x0800125c       0x3c ./Drivers/BSP/STM32F429I-Discovery/stm32f429i_discovery.o
 .text.SPIx_WriteRead
                0x08001298       0x40 ./Drivers/BSP/STM32F429I-Discovery/stm32f429i_discovery.o
 .text.SPIx_Error
                0x080012d8       0x18 ./Drivers/BSP/STM32F429I-Discovery/stm32f429i_discovery.o
 .text.SPIx_MspInit
                0x080012f0       0x74 ./Drivers/BSP/STM32F429I-Discovery/stm32f429i_discovery.o
 .text.LCD_IO_Init
                0x08001364       0xf0 ./Drivers/BSP/STM32F429I-Discovery/stm32f429i_discovery.o
                0x08001364                LCD_IO_Init
 .text.LCD_IO_WriteData
                0x08001454       0x44 ./Drivers/BSP/STM32F429I-Discovery/stm32f429i_discovery.o
                0x08001454                LCD_IO_WriteData
 .text.LCD_IO_WriteReg
                0x08001498       0x44 ./Drivers/BSP/STM32F429I-Discovery/stm32f429i_discovery.o
                0x08001498                LCD_IO_WriteReg
 .text.LCD_IO_ReadData
                0x080014dc       0x64 ./Drivers/BSP/STM32F429I-Discovery/stm32f429i_discovery.o
                0x080014dc                LCD_IO_ReadData
 .text.LCD_Delay
                0x08001540       0x16 ./Drivers/BSP/STM32F429I-Discovery/stm32f429i_discovery.o
                0x08001540                LCD_Delay
 *fill*         0x08001556        0x2 
 .text.GYRO_IO_Init
                0x08001558       0x98 ./Drivers/BSP/STM32F429I-Discovery/stm32f429i_discovery.o
                0x08001558                GYRO_IO_Init
 .text.GYRO_IO_Write
                0x080015f0       0x64 ./Drivers/BSP/STM32F429I-Discovery/stm32f429i_discovery.o
                0x080015f0                GYRO_IO_Write
 .text.GYRO_IO_Read
                0x08001654       0x74 ./Drivers/BSP/STM32F429I-Discovery/stm32f429i_discovery.o
                0x08001654                GYRO_IO_Read
 .text.BSP_GYRO_Init
                0x080016c8       0xcc ./Drivers/BSP/STM32F429I-Discovery/stm32f429i_discovery_gyroscope.o
                0x080016c8                BSP_GYRO_Init
 .text.BSP_GYRO_GetXYZ
                0x08001794       0x28 ./Drivers/BSP/STM32F429I-Discovery/stm32f429i_discovery_gyroscope.o
                0x08001794                BSP_GYRO_GetXYZ
 .text.BSP_LCD_Init
                0x080017bc       0xd4 ./Drivers/BSP/STM32F429I-Discovery/stm32f429i_discovery_lcd.o
                0x080017bc                BSP_LCD_Init
 .text.BSP_LCD_GetXSize
                0x08001890       0x18 ./Drivers/BSP/STM32F429I-Discovery/stm32f429i_discovery_lcd.o
                0x08001890                BSP_LCD_GetXSize
 .text.BSP_LCD_GetYSize
                0x080018a8       0x18 ./Drivers/BSP/STM32F429I-Discovery/stm32f429i_discovery_lcd.o
                0x080018a8                BSP_LCD_GetYSize
 .text.BSP_LCD_LayerDefaultInit
                0x080018c0       0xc8 ./Drivers/BSP/STM32F429I-Discovery/stm32f429i_discovery_lcd.o
                0x080018c0                BSP_LCD_LayerDefaultInit
 .text.BSP_LCD_SelectLayer
                0x08001988       0x20 ./Drivers/BSP/STM32F429I-Discovery/stm32f429i_discovery_lcd.o
                0x08001988                BSP_LCD_SelectLayer
 .text.BSP_LCD_SetTextColor
                0x080019a8       0x30 ./Drivers/BSP/STM32F429I-Discovery/stm32f429i_discovery_lcd.o
                0x080019a8                BSP_LCD_SetTextColor
 .text.BSP_LCD_SetBackColor
                0x080019d8       0x34 ./Drivers/BSP/STM32F429I-Discovery/stm32f429i_discovery_lcd.o
                0x080019d8                BSP_LCD_SetBackColor
 .text.BSP_LCD_SetFont
                0x08001a0c       0x34 ./Drivers/BSP/STM32F429I-Discovery/stm32f429i_discovery_lcd.o
                0x08001a0c                BSP_LCD_SetFont
 .text.BSP_LCD_GetFont
                0x08001a40       0x2c ./Drivers/BSP/STM32F429I-Discovery/stm32f429i_discovery_lcd.o
                0x08001a40                BSP_LCD_GetFont
 .text.BSP_LCD_Clear
                0x08001a6c       0x50 ./Drivers/BSP/STM32F429I-Discovery/stm32f429i_discovery_lcd.o
                0x08001a6c                BSP_LCD_Clear
 .text.BSP_LCD_DisplayChar
                0x08001abc       0x88 ./Drivers/BSP/STM32F429I-Discovery/stm32f429i_discovery_lcd.o
                0x08001abc                BSP_LCD_DisplayChar
 .text.BSP_LCD_DisplayStringAt
                0x08001b44      0x17c ./Drivers/BSP/STM32F429I-Discovery/stm32f429i_discovery_lcd.o
                0x08001b44                BSP_LCD_DisplayStringAt
 .text.BSP_LCD_DisplayStringAtLine
                0x08001cc0       0x2e ./Drivers/BSP/STM32F429I-Discovery/stm32f429i_discovery_lcd.o
                0x08001cc0                BSP_LCD_DisplayStringAtLine
 *fill*         0x08001cee        0x2 
 .text.BSP_LCD_DrawHLine
                0x08001cf0       0x7c ./Drivers/BSP/STM32F429I-Discovery/stm32f429i_discovery_lcd.o
                0x08001cf0                BSP_LCD_DrawHLine
 .text.BSP_LCD_DrawCircle
                0x08001d6c      0x1d4 ./Drivers/BSP/STM32F429I-Discovery/stm32f429i_discovery_lcd.o
                0x08001d6c                BSP_LCD_DrawCircle
 .text.BSP_LCD_FillCircle
                0x08001f40      0x140 ./Drivers/BSP/STM32F429I-Discovery/stm32f429i_discovery_lcd.o
                0x08001f40                BSP_LCD_FillCircle
 .text.BSP_LCD_DisplayOn
                0x08002080       0x20 ./Drivers/BSP/STM32F429I-Discovery/stm32f429i_discovery_lcd.o
                0x08002080                BSP_LCD_DisplayOn
 .text.BSP_LCD_MspInit
                0x080020a0      0x1ac ./Drivers/BSP/STM32F429I-Discovery/stm32f429i_discovery_lcd.o
                0x080020a0                BSP_LCD_MspInit
 .text.BSP_LCD_DrawPixel
                0x0800224c       0x4c ./Drivers/BSP/STM32F429I-Discovery/stm32f429i_discovery_lcd.o
                0x0800224c                BSP_LCD_DrawPixel
 .text.DrawChar
                0x08002298      0x174 ./Drivers/BSP/STM32F429I-Discovery/stm32f429i_discovery_lcd.o
 .text.FillBuffer
                0x0800240c       0x70 ./Drivers/BSP/STM32F429I-Discovery/stm32f429i_discovery_lcd.o
 .text.BSP_SDRAM_Init
                0x0800247c       0xbc ./Drivers/BSP/STM32F429I-Discovery/stm32f429i_discovery_sdram.o
                0x0800247c                BSP_SDRAM_Init
 .text.BSP_SDRAM_Initialization_sequence
                0x08002538       0xc0 ./Drivers/BSP/STM32F429I-Discovery/stm32f429i_discovery_sdram.o
                0x08002538                BSP_SDRAM_Initialization_sequence
 .text.BSP_SDRAM_MspInit
                0x080025f8      0x218 ./Drivers/BSP/STM32F429I-Discovery/stm32f429i_discovery_sdram.o
                0x080025f8                BSP_SDRAM_MspInit
 .text.HAL_Init
                0x08002810       0x44 ./Drivers/STM32F4xx_HAL_Driver/Src/stm32f4xx_hal.o
                0x08002810                HAL_Init
 .text.HAL_InitTick
                0x08002854       0x60 ./Drivers/STM32F4xx_HAL_Driver/Src/stm32f4xx_hal.o
                0x08002854                HAL_InitTick
 .text.HAL_IncTick
                0x080028b4       0x28 ./Drivers/STM32F4xx_HAL_Driver/Src/stm32f4xx_hal.o
                0x080028b4                HAL_IncTick
 .text.HAL_GetTick
                0x080028dc       0x18 ./Drivers/STM32F4xx_HAL_Driver/Src/stm32f4xx_hal.o
                0x080028dc                HAL_GetTick
 .text.HAL_Delay
                0x080028f4       0x48 ./Drivers/STM32F4xx_HAL_Driver/Src/stm32f4xx_hal.o
                0x080028f4                HAL_Delay
 .text.__NVIC_SetPriorityGrouping
                0x0800293c       0x48 ./Drivers/STM32F4xx_HAL_Driver/Src/stm32f4xx_hal_cortex.o
 .text.__NVIC_GetPriorityGrouping
                0x08002984       0x1c ./Drivers/STM32F4xx_HAL_Driver/Src/stm32f4xx_hal_cortex.o
 .text.__NVIC_EnableIRQ
                0x080029a0       0x3c ./Drivers/STM32F4xx_HAL_Driver/Src/stm32f4xx_hal_cortex.o
 .text.__NVIC_SetPriority
                0x080029dc       0x54 ./Drivers/STM32F4xx_HAL_Driver/Src/stm32f4xx_hal_cortex.o
 .text.NVIC_EncodePriority
                0x08002a30       0x66 ./Drivers/STM32F4xx_HAL_Driver/Src/stm32f4xx_hal_cortex.o
 *fill*         0x08002a96        0x2 
 .text.SysTick_Config
                0x08002a98       0x44 ./Drivers/STM32F4xx_HAL_Driver/Src/stm32f4xx_hal_cortex.o
 .text.HAL_NVIC_SetPriorityGrouping
                0x08002adc       0x16 ./Drivers/STM32F4xx_HAL_Driver/Src/stm32f4xx_hal_cortex.o
                0x08002adc                HAL_NVIC_SetPriorityGrouping
 .text.HAL_NVIC_SetPriority
                0x08002af2       0x38 ./Drivers/STM32F4xx_HAL_Driver/Src/stm32f4xx_hal_cortex.o
                0x08002af2                HAL_NVIC_SetPriority
 .text.HAL_NVIC_EnableIRQ
                0x08002b2a       0x1c ./Drivers/STM32F4xx_HAL_Driver/Src/stm32f4xx_hal_cortex.o
                0x08002b2a                HAL_NVIC_EnableIRQ
 .text.HAL_SYSTICK_Config
                0x08002b46       0x18 ./Drivers/STM32F4xx_HAL_Driver/Src/stm32f4xx_hal_cortex.o
                0x08002b46                HAL_SYSTICK_Config
 *fill*         0x08002b5e        0x2 
 .text.HAL_DMA_Init
                0x08002b60      0x15c ./Drivers/STM32F4xx_HAL_Driver/Src/stm32f4xx_hal_dma.o
                0x08002b60                HAL_DMA_Init
 .text.HAL_DMA_DeInit
                0x08002cbc       0xbc ./Drivers/STM32F4xx_HAL_Driver/Src/stm32f4xx_hal_dma.o
                0x08002cbc                HAL_DMA_DeInit
 .text.DMA_CalcBaseAndBitshift
                0x08002d78       0x6c ./Drivers/STM32F4xx_HAL_Driver/Src/stm32f4xx_hal_dma.o
 .text.DMA_CheckFifoParam
                0x08002de4       0xf8 ./Drivers/STM32F4xx_HAL_Driver/Src/stm32f4xx_hal_dma.o
 .text.HAL_DMA2D_Init
                0x08002edc       0x92 ./Drivers/STM32F4xx_HAL_Driver/Src/stm32f4xx_hal_dma2d.o
                0x08002edc                HAL_DMA2D_Init
 .text.HAL_DMA2D_MspInit
                0x08002f6e       0x14 ./Drivers/STM32F4xx_HAL_Driver/Src/stm32f4xx_hal_dma2d.o
                0x08002f6e                HAL_DMA2D_MspInit
 .text.HAL_DMA2D_Start
                0x08002f82       0x56 ./Drivers/STM32F4xx_HAL_Driver/Src/stm32f4xx_hal_dma2d.o
                0x08002f82                HAL_DMA2D_Start
 .text.HAL_DMA2D_PollForTransfer
                0x08002fd8      0x1d2 ./Drivers/STM32F4xx_HAL_Driver/Src/stm32f4xx_hal_dma2d.o
                0x08002fd8                HAL_DMA2D_PollForTransfer
 *fill*         0x080031aa        0x2 
 .text.HAL_DMA2D_ConfigLayer
                0x080031ac      0x124 ./Drivers/STM32F4xx_HAL_Driver/Src/stm32f4xx_hal_dma2d.o
                0x080031ac                HAL_DMA2D_ConfigLayer
 .text.DMA2D_SetConfig
                0x080032d0      0x138 ./Drivers/STM32F4xx_HAL_Driver/Src/stm32f4xx_hal_dma2d.o
 .text.HAL_GPIO_Init
                0x08003408      0x358 ./Drivers/STM32F4xx_HAL_Driver/Src/stm32f4xx_hal_gpio.o
                0x08003408                HAL_GPIO_Init
 .text.HAL_GPIO_WritePin
                0x08003760       0x32 ./Drivers/STM32F4xx_HAL_Driver/Src/stm32f4xx_hal_gpio.o
                0x08003760                HAL_GPIO_WritePin
 *fill*         0x08003792        0x2 
 .text.HAL_LTDC_Init
                0x08003794      0x1a0 ./Drivers/STM32F4xx_HAL_Driver/Src/stm32f4xx_hal_ltdc.o
                0x08003794                HAL_LTDC_Init
 .text.HAL_LTDC_MspInit
                0x08003934       0x14 ./Drivers/STM32F4xx_HAL_Driver/Src/stm32f4xx_hal_ltdc.o
                0x08003934                HAL_LTDC_MspInit
 .text.HAL_LTDC_ConfigLayer
                0x08003948       0x7c ./Drivers/STM32F4xx_HAL_Driver/Src/stm32f4xx_hal_ltdc.o
                0x08003948                HAL_LTDC_ConfigLayer
 .text.HAL_LTDC_EnableDither
                0x080039c4       0x54 ./Drivers/STM32F4xx_HAL_Driver/Src/stm32f4xx_hal_ltdc.o
                0x080039c4                HAL_LTDC_EnableDither
 .text.LTDC_SetConfig
                0x08003a18      0x32e ./Drivers/STM32F4xx_HAL_Driver/Src/stm32f4xx_hal_ltdc.o
 .text.HAL_PCD_Init
                0x08003d46      0x21e ./Drivers/STM32F4xx_HAL_Driver/Src/stm32f4xx_hal_pcd.o
                0x08003d46                HAL_PCD_Init
 .text.HAL_PCD_Start
                0x08003f64       0x6a ./Drivers/STM32F4xx_HAL_Driver/Src/stm32f4xx_hal_pcd.o
                0x08003f64                HAL_PCD_Start
 .text.HAL_PCD_IRQHandler
                0x08003fce      0x942 ./Drivers/STM32F4xx_HAL_Driver/Src/stm32f4xx_hal_pcd.o
                0x08003fce                HAL_PCD_IRQHandler
 .text.HAL_PCD_SetAddress
                0x08004910       0x48 ./Drivers/STM32F4xx_HAL_Driver/Src/stm32f4xx_hal_pcd.o
                0x08004910                HAL_PCD_SetAddress
 .text.HAL_PCD_EP_Open
                0x08004958       0xd4 ./Drivers/STM32F4xx_HAL_Driver/Src/stm32f4xx_hal_pcd.o
                0x08004958                HAL_PCD_EP_Open
 .text.HAL_PCD_EP_Close
                0x08004a2c       0x94 ./Drivers/STM32F4xx_HAL_Driver/Src/stm32f4xx_hal_pcd.o
                0x08004a2c                HAL_PCD_EP_Close
 .text.HAL_PCD_EP_Receive
                0x08004ac0       0x76 ./Drivers/STM32F4xx_HAL_Driver/Src/stm32f4xx_hal_pcd.o
                0x08004ac0                HAL_PCD_EP_Receive
 .text.HAL_PCD_EP_GetRxCount
                0x08004b36       0x30 ./Drivers/STM32F4xx_HAL_Driver/Src/stm32f4xx_hal_pcd.o
                0x08004b36                HAL_PCD_EP_GetRxCount
 .text.HAL_PCD_EP_Transmit
                0x08004b66       0x74 ./Drivers/STM32F4xx_HAL_Driver/Src/stm32f4xx_hal_pcd.o
                0x08004b66                HAL_PCD_EP_Transmit
 .text.HAL_PCD_EP_SetStall
                0x08004bda       0xc6 ./Drivers/STM32F4xx_HAL_Driver/Src/stm32f4xx_hal_pcd.o
                0x08004bda                HAL_PCD_EP_SetStall
 .text.HAL_PCD_EP_ClrStall
                0x08004ca0       0xac ./Drivers/STM32F4xx_HAL_Driver/Src/stm32f4xx_hal_pcd.o
                0x08004ca0                HAL_PCD_EP_ClrStall
 .text.HAL_PCD_EP_Abort
                0x08004d4c       0x62 ./Drivers/STM32F4xx_HAL_Driver/Src/stm32f4xx_hal_pcd.o
                0x08004d4c                HAL_PCD_EP_Abort
 .text.PCD_WriteEmptyTxFifo
                0x08004dae      0x118 ./Drivers/STM32F4xx_HAL_Driver/Src/stm32f4xx_hal_pcd.o
 *fill*         0x08004ec6        0x2 
 .text.PCD_EP_OutXfrComplete_int
                0x08004ec8      0x1d0 ./Drivers/STM32F4xx_HAL_Driver/Src/stm32f4xx_hal_pcd.o
 .text.PCD_EP_OutSetupPacket_int
                0x08005098       0x8c ./Drivers/STM32F4xx_HAL_Driver/Src/stm32f4xx_hal_pcd.o
 .text.HAL_PCDEx_SetTxFiFo
                0x08005124       0x8e ./Drivers/STM32F4xx_HAL_Driver/Src/stm32f4xx_hal_pcd_ex.o
                0x08005124                HAL_PCDEx_SetTxFiFo
 .text.HAL_PCDEx_SetRxFiFo
                0x080051b2       0x22 ./Drivers/STM32F4xx_HAL_Driver/Src/stm32f4xx_hal_pcd_ex.o
                0x080051b2                HAL_PCDEx_SetRxFiFo
 .text.HAL_PCDEx_LPM_Callback
                0x080051d4       0x18 ./Drivers/STM32F4xx_HAL_Driver/Src/stm32f4xx_hal_pcd_ex.o
                0x080051d4                HAL_PCDEx_LPM_Callback
 .text.HAL_RCC_OscConfig
                0x080051ec      0x4f0 ./Drivers/STM32F4xx_HAL_Driver/Src/stm32f4xx_hal_rcc.o
                0x080051ec                HAL_RCC_OscConfig
 .text.HAL_RCC_ClockConfig
                0x080056dc      0x1cc ./Drivers/STM32F4xx_HAL_Driver/Src/stm32f4xx_hal_rcc.o
                0x080056dc                HAL_RCC_ClockConfig
 .text.HAL_RCC_GetSysClockFreq
                0x080058a8      0x20c ./Drivers/STM32F4xx_HAL_Driver/Src/stm32f4xx_hal_rcc.o
                0x080058a8                HAL_RCC_GetSysClockFreq
 .text.HAL_RCC_GetHCLKFreq
                0x08005ab4       0x18 ./Drivers/STM32F4xx_HAL_Driver/Src/stm32f4xx_hal_rcc.o
                0x08005ab4                HAL_RCC_GetHCLKFreq
 .text.HAL_RCCEx_PeriphCLKConfig
                0x08005acc      0x380 ./Drivers/STM32F4xx_HAL_Driver/Src/stm32f4xx_hal_rcc_ex.o
                0x08005acc                HAL_RCCEx_PeriphCLKConfig
 .text.HAL_SDRAM_Init
                0x08005e4c       0x68 ./Drivers/STM32F4xx_HAL_Driver/Src/stm32f4xx_hal_sdram.o
                0x08005e4c                HAL_SDRAM_Init
 .text.HAL_SDRAM_MspInit
                0x08005eb4       0x14 ./Drivers/STM32F4xx_HAL_Driver/Src/stm32f4xx_hal_sdram.o
                0x08005eb4                HAL_SDRAM_MspInit
 .text.HAL_SDRAM_SendCommand
                0x08005ec8       0x6a ./Drivers/STM32F4xx_HAL_Driver/Src/stm32f4xx_hal_sdram.o
                0x08005ec8                HAL_SDRAM_SendCommand
 .text.HAL_SDRAM_ProgramRefreshRate
                0x08005f32       0x50 ./Drivers/STM32F4xx_HAL_Driver/Src/stm32f4xx_hal_sdram.o
                0x08005f32                HAL_SDRAM_ProgramRefreshRate
 .text.HAL_SPI_Init
                0x08005f82      0x112 ./Drivers/STM32F4xx_HAL_Driver/Src/stm32f4xx_hal_spi.o
                0x08005f82                HAL_SPI_Init
 .text.HAL_SPI_DeInit
                0x08006094       0x50 ./Drivers/STM32F4xx_HAL_Driver/Src/stm32f4xx_hal_spi.o
                0x08006094                HAL_SPI_DeInit
 .text.HAL_SPI_MspInit
                0x080060e4       0x14 ./Drivers/STM32F4xx_HAL_Driver/Src/stm32f4xx_hal_spi.o
                0x080060e4                HAL_SPI_MspInit
 .text.HAL_SPI_MspDeInit
                0x080060f8       0x14 ./Drivers/STM32F4xx_HAL_Driver/Src/stm32f4xx_hal_spi.o
                0x080060f8                HAL_SPI_MspDeInit
 .text.HAL_SPI_Transmit
                0x0800610c      0x288 ./Drivers/STM32F4xx_HAL_Driver/Src/stm32f4xx_hal_spi.o
                0x0800610c                HAL_SPI_Transmit
 .text.HAL_SPI_Receive
                0x08006394      0x232 ./Drivers/STM32F4xx_HAL_Driver/Src/stm32f4xx_hal_spi.o
                0x08006394                HAL_SPI_Receive
 .text.HAL_SPI_TransmitReceive
                0x080065c6      0x352 ./Drivers/STM32F4xx_HAL_Driver/Src/stm32f4xx_hal_spi.o
                0x080065c6                HAL_SPI_TransmitReceive
 .text.HAL_SPI_GetState
                0x08006918       0x1c ./Drivers/STM32F4xx_HAL_Driver/Src/stm32f4xx_hal_spi.o
                0x08006918                HAL_SPI_GetState
 .text.SPI_WaitFlagStateUntilTimeout
                0x08006934      0x110 ./Drivers/STM32F4xx_HAL_Driver/Src/stm32f4xx_hal_spi.o
 .text.SPI_EndRxTransaction
                0x08006a44       0xca ./Drivers/STM32F4xx_HAL_Driver/Src/stm32f4xx_hal_spi.o
 *fill*         0x08006b0e        0x2 
 .text.SPI_EndRxTxTransaction
                0x08006b10       0xa8 ./Drivers/STM32F4xx_HAL_Driver/Src/stm32f4xx_hal_spi.o
 .text.FMC_SDRAM_Init
                0x08006bb8       0xba ./Drivers/STM32F4xx_HAL_Driver/Src/stm32f4xx_ll_fmc.o
                0x08006bb8                FMC_SDRAM_Init
 .text.FMC_SDRAM_Timing_Init
                0x08006c72       0xd2 ./Drivers/STM32F4xx_HAL_Driver/Src/stm32f4xx_ll_fmc.o
                0x08006c72                FMC_SDRAM_Timing_Init
 .text.FMC_SDRAM_SendCommand
                0x08006d44       0x7a ./Drivers/STM32F4xx_HAL_Driver/Src/stm32f4xx_ll_fmc.o
                0x08006d44                FMC_SDRAM_SendCommand
 .text.FMC_SDRAM_ProgramRefreshRate
                0x08006dbe       0x2e ./Drivers/STM32F4xx_HAL_Driver/Src/stm32f4xx_ll_fmc.o
                0x08006dbe                FMC_SDRAM_ProgramRefreshRate
 .text.USB_CoreInit
                0x08006dec       0xc8 ./Drivers/STM32F4xx_HAL_Driver/Src/stm32f4xx_ll_usb.o
                0x08006dec                USB_CoreInit
 .text.USB_SetTurnaroundTime
                0x08006eb4      0x144 ./Drivers/STM32F4xx_HAL_Driver/Src/stm32f4xx_ll_usb.o
                0x08006eb4                USB_SetTurnaroundTime
 .text.USB_EnableGlobalInt
                0x08006ff8       0x22 ./Drivers/STM32F4xx_HAL_Driver/Src/stm32f4xx_ll_usb.o
                0x08006ff8                USB_EnableGlobalInt
 .text.USB_DisableGlobalInt
                0x0800701a       0x22 ./Drivers/STM32F4xx_HAL_Driver/Src/stm32f4xx_ll_usb.o
                0x0800701a                USB_DisableGlobalInt
 .text.USB_SetCurrentMode
                0x0800703c       0x98 ./Drivers/STM32F4xx_HAL_Driver/Src/stm32f4xx_ll_usb.o
                0x0800703c                USB_SetCurrentMode
 .text.USB_DevInit
                0x080070d4      0x2c8 ./Drivers/STM32F4xx_HAL_Driver/Src/stm32f4xx_ll_usb.o
                0x080070d4                USB_DevInit
 .text.USB_FlushTxFifo
                0x0800739c       0x64 ./Drivers/STM32F4xx_HAL_Driver/Src/stm32f4xx_ll_usb.o
                0x0800739c                USB_FlushTxFifo
 .text.USB_FlushRxFifo
                0x08007400       0x5c ./Drivers/STM32F4xx_HAL_Driver/Src/stm32f4xx_ll_usb.o
                0x08007400                USB_FlushRxFifo
 .text.USB_SetDevSpeed
                0x0800745c       0x32 ./Drivers/STM32F4xx_HAL_Driver/Src/stm32f4xx_ll_usb.o
                0x0800745c                USB_SetDevSpeed
 .text.USB_GetDevSpeed
                0x0800748e       0x4a ./Drivers/STM32F4xx_HAL_Driver/Src/stm32f4xx_ll_usb.o
                0x0800748e                USB_GetDevSpeed
 .text.USB_ActivateEndpoint
                0x080074d8      0x10e ./Drivers/STM32F4xx_HAL_Driver/Src/stm32f4xx_ll_usb.o
                0x080074d8                USB_ActivateEndpoint
 *fill*         0x080075e6        0x2 
 .text.USB_DeactivateEndpoint
                0x080075e8      0x1b8 ./Drivers/STM32F4xx_HAL_Driver/Src/stm32f4xx_ll_usb.o
                0x080075e8                USB_DeactivateEndpoint
 .text.USB_EPStartXfer
                0x080077a0      0x53c ./Drivers/STM32F4xx_HAL_Driver/Src/stm32f4xx_ll_usb.o
                0x080077a0                USB_EPStartXfer
 .text.USB_EPStopXfer
                0x08007cdc      0x154 ./Drivers/STM32F4xx_HAL_Driver/Src/stm32f4xx_ll_usb.o
                0x08007cdc                USB_EPStopXfer
 .text.USB_WritePacket
                0x08007e30       0x7c ./Drivers/STM32F4xx_HAL_Driver/Src/stm32f4xx_ll_usb.o
                0x08007e30                USB_WritePacket
 .text.USB_ReadPacket
                0x08007eac       0xb0 ./Drivers/STM32F4xx_HAL_Driver/Src/stm32f4xx_ll_usb.o
                0x08007eac                USB_ReadPacket
 .text.USB_EPSetStall
                0x08007f5c       0xdc ./Drivers/STM32F4xx_HAL_Driver/Src/stm32f4xx_ll_usb.o
                0x08007f5c                USB_EPSetStall
 .text.USB_EPClearStall
                0x08008038       0xcc ./Drivers/STM32F4xx_HAL_Driver/Src/stm32f4xx_ll_usb.o
                0x08008038                USB_EPClearStall
 .text.USB_SetDevAddress
                0x08008104       0x4c ./Drivers/STM32F4xx_HAL_Driver/Src/stm32f4xx_ll_usb.o
                0x08008104                USB_SetDevAddress
 .text.USB_DevConnect
                0x08008150       0x42 ./Drivers/STM32F4xx_HAL_Driver/Src/stm32f4xx_ll_usb.o
                0x08008150                USB_DevConnect
 .text.USB_DevDisconnect
                0x08008192       0x42 ./Drivers/STM32F4xx_HAL_Driver/Src/stm32f4xx_ll_usb.o
                0x08008192                USB_DevDisconnect
 .text.USB_ReadInterrupts
                0x080081d4       0x26 ./Drivers/STM32F4xx_HAL_Driver/Src/stm32f4xx_ll_usb.o
                0x080081d4                USB_ReadInterrupts
 .text.USB_ReadDevAllOutEpInterrupt
                0x080081fa       0x34 ./Drivers/STM32F4xx_HAL_Driver/Src/stm32f4xx_ll_usb.o
                0x080081fa                USB_ReadDevAllOutEpInterrupt
 .text.USB_ReadDevAllInEpInterrupt
                0x0800822e       0x34 ./Drivers/STM32F4xx_HAL_Driver/Src/stm32f4xx_ll_usb.o
                0x0800822e                USB_ReadDevAllInEpInterrupt
 .text.USB_ReadDevOutEPInterrupt
                0x08008262       0x3c ./Drivers/STM32F4xx_HAL_Driver/Src/stm32f4xx_ll_usb.o
                0x08008262                USB_ReadDevOutEPInterrupt
 .text.USB_ReadDevInEPInterrupt
                0x0800829e       0x5c ./Drivers/STM32F4xx_HAL_Driver/Src/stm32f4xx_ll_usb.o
                0x0800829e                USB_ReadDevInEPInterrupt
 .text.USB_GetMode
                0x080082fa       0x1c ./Drivers/STM32F4xx_HAL_Driver/Src/stm32f4xx_ll_usb.o
                0x080082fa                USB_GetMode
 .text.USB_ActivateSetup
                0x08008316       0x46 ./Drivers/STM32F4xx_HAL_Driver/Src/stm32f4xx_ll_usb.o
                0x08008316                USB_ActivateSetup
 .text.USB_EP0_OutStart
                0x0800835c       0xbc ./Drivers/STM32F4xx_HAL_Driver/Src/stm32f4xx_ll_usb.o
                0x0800835c                USB_EP0_OutStart
 .text.USB_CoreReset
                0x08008418       0x62 ./Drivers/STM32F4xx_HAL_Driver/Src/stm32f4xx_ll_usb.o
 *fill*         0x0800847a        0x2 
 .text.USBD_CDC_Init
                0x0800847c      0x1f0 ./Middlewares/ST/STM32_USB_Device_Library/Class/CDC/Src/usbd_cdc.o
 .text.USBD_CDC_DeInit
                0x0800866c      0x104 ./Middlewares/ST/STM32_USB_Device_Library/Class/CDC/Src/usbd_cdc.o
 .text.USBD_CDC_Setup
                0x08008770      0x1b8 ./Middlewares/ST/STM32_USB_Device_Library/Class/CDC/Src/usbd_cdc.o
 .text.USBD_CDC_DataIn
                0x08008928       0xfe ./Middlewares/ST/STM32_USB_Device_Library/Class/CDC/Src/usbd_cdc.o
 .text.USBD_CDC_DataOut
                0x08008a26       0x70 ./Middlewares/ST/STM32_USB_Device_Library/Class/CDC/Src/usbd_cdc.o
 .text.USBD_CDC_EP0_RxReady
                0x08008a96       0x74 ./Middlewares/ST/STM32_USB_Device_Library/Class/CDC/Src/usbd_cdc.o
 *fill*         0x08008b0a        0x2 
 .text.USBD_CDC_GetFSCfgDesc
                0x08008b0c       0x70 ./Middlewares/ST/STM32_USB_Device_Library/Class/CDC/Src/usbd_cdc.o
 .text.USBD_CDC_GetHSCfgDesc
                0x08008b7c       0x70 ./Middlewares/ST/STM32_USB_Device_Library/Class/CDC/Src/usbd_cdc.o
 .text.USBD_CDC_GetOtherSpeedCfgDesc
                0x08008bec       0x70 ./Middlewares/ST/STM32_USB_Device_Library/Class/CDC/Src/usbd_cdc.o
 .text.USBD_CDC_GetDeviceQualifierDescriptor
                0x08008c5c       0x20 ./Middlewares/ST/STM32_USB_Device_Library/Class/CDC/Src/usbd_cdc.o
                0x08008c5c                USBD_CDC_GetDeviceQualifierDescriptor
 .text.USBD_CDC_RegisterInterface
                0x08008c7c       0x34 ./Middlewares/ST/STM32_USB_Device_Library/Class/CDC/Src/usbd_cdc.o
                0x08008c7c                USBD_CDC_RegisterInterface
 .text.USBD_CDC_SetTxBuffer
                0x08008cb0       0x44 ./Middlewares/ST/STM32_USB_Device_Library/Class/CDC/Src/usbd_cdc.o
                0x08008cb0                USBD_CDC_SetTxBuffer
 .text.USBD_CDC_SetRxBuffer
                0x08008cf4       0x3a ./Middlewares/ST/STM32_USB_Device_Library/Class/CDC/Src/usbd_cdc.o
                0x08008cf4                USBD_CDC_SetRxBuffer
 *fill*         0x08008d2e        0x2 
 .text.USBD_CDC_TransmitPacket
                0x08008d30       0x80 ./Middlewares/ST/STM32_USB_Device_Library/Class/CDC/Src/usbd_cdc.o
                0x08008d30                USBD_CDC_TransmitPacket
 .text.USBD_CDC_ReceivePacket
                0x08008db0       0x6c ./Middlewares/ST/STM32_USB_Device_Library/Class/CDC/Src/usbd_cdc.o
                0x08008db0                USBD_CDC_ReceivePacket
 .text.USBD_Init
                0x08008e1c       0x60 ./Middlewares/ST/STM32_USB_Device_Library/Core/Src/usbd_core.o
                0x08008e1c                USBD_Init
 .text.USBD_RegisterClass
                0x08008e7c       0x6c ./Middlewares/ST/STM32_USB_Device_Library/Core/Src/usbd_core.o
                0x08008e7c                USBD_RegisterClass
 .text.USBD_Start
                0x08008ee8       0x18 ./Middlewares/ST/STM32_USB_Device_Library/Core/Src/usbd_core.o
                0x08008ee8                USBD_Start
 .text.USBD_RunTestMode
                0x08008f00       0x16 ./Middlewares/ST/STM32_USB_Device_Library/Core/Src/usbd_core.o
                0x08008f00                USBD_RunTestMode
 .text.USBD_SetClassConfig
                0x08008f16       0x38 ./Middlewares/ST/STM32_USB_Device_Library/Core/Src/usbd_core.o
                0x08008f16                USBD_SetClassConfig
 .text.USBD_ClrClassConfig
                0x08008f4e       0x34 ./Middlewares/ST/STM32_USB_Device_Library/Core/Src/usbd_core.o
                0x08008f4e                USBD_ClrClassConfig
 .text.USBD_LL_SetupStage
                0x08008f82       0xaa ./Middlewares/ST/STM32_USB_Device_Library/Core/Src/usbd_core.o
                0x08008f82                USBD_LL_SetupStage
 .text.USBD_LL_DataOutStage
                0x0800902c      0x166 ./Middlewares/ST/STM32_USB_Device_Library/Core/Src/usbd_core.o
                0x0800902c                USBD_LL_DataOutStage
 .text.USBD_LL_DataInStage
                0x08009192      0x164 ./Middlewares/ST/STM32_USB_Device_Library/Core/Src/usbd_core.o
                0x08009192                USBD_LL_DataInStage
 .text.USBD_LL_Reset
                0x080092f6       0xa4 ./Middlewares/ST/STM32_USB_Device_Library/Core/Src/usbd_core.o
                0x080092f6                USBD_LL_Reset
 .text.USBD_LL_SetSpeed
                0x0800939a       0x20 ./Middlewares/ST/STM32_USB_Device_Library/Core/Src/usbd_core.o
                0x0800939a                USBD_LL_SetSpeed
 .text.USBD_LL_Suspend
                0x080093ba       0x38 ./Middlewares/ST/STM32_USB_Device_Library/Core/Src/usbd_core.o
                0x080093ba                USBD_LL_Suspend
 .text.USBD_LL_Resume
                0x080093f2       0x30 ./Middlewares/ST/STM32_USB_Device_Library/Core/Src/usbd_core.o
                0x080093f2                USBD_LL_Resume
 .text.USBD_LL_SOF
                0x08009422       0x40 ./Middlewares/ST/STM32_USB_Device_Library/Core/Src/usbd_core.o
                0x08009422                USBD_LL_SOF
 .text.USBD_LL_IsoINIncomplete
                0x08009462       0x64 ./Middlewares/ST/STM32_USB_Device_Library/Core/Src/usbd_core.o
                0x08009462                USBD_LL_IsoINIncomplete
 .text.USBD_LL_IsoOUTIncomplete
                0x080094c6       0x64 ./Middlewares/ST/STM32_USB_Device_Library/Core/Src/usbd_core.o
                0x080094c6                USBD_LL_IsoOUTIncomplete
 .text.USBD_LL_DevConnected
                0x0800952a       0x16 ./Middlewares/ST/STM32_USB_Device_Library/Core/Src/usbd_core.o
                0x0800952a                USBD_LL_DevConnected
 .text.USBD_LL_DevDisconnected
                0x08009540       0x46 ./Middlewares/ST/STM32_USB_Device_Library/Core/Src/usbd_core.o
                0x08009540                USBD_LL_DevDisconnected
 .text.USBD_CoreFindIF
                0x08009586       0x1a ./Middlewares/ST/STM32_USB_Device_Library/Core/Src/usbd_core.o
                0x08009586                USBD_CoreFindIF
 .text.USBD_CoreFindEP
                0x080095a0       0x1a ./Middlewares/ST/STM32_USB_Device_Library/Core/Src/usbd_core.o
                0x080095a0                USBD_CoreFindEP
 .text.USBD_GetEpDesc
                0x080095ba       0x70 ./Middlewares/ST/STM32_USB_Device_Library/Core/Src/usbd_core.o
                0x080095ba                USBD_GetEpDesc
 .text.USBD_GetNextDesc
                0x0800962a       0x38 ./Middlewares/ST/STM32_USB_Device_Library/Core/Src/usbd_core.o
                0x0800962a                USBD_GetNextDesc
 .text.SWAPBYTE
                0x08009662       0x3c ./Middlewares/ST/STM32_USB_Device_Library/Core/Src/usbd_ctlreq.o
 *fill*         0x0800969e        0x2 
 .text.USBD_StdDevReq
                0x080096a0       0xe4 ./Middlewares/ST/STM32_USB_Device_Library/Core/Src/usbd_ctlreq.o
                0x080096a0                USBD_StdDevReq
 .text.USBD_StdItfReq
                0x08009784       0xd8 ./Middlewares/ST/STM32_USB_Device_Library/Core/Src/usbd_ctlreq.o
                0x08009784                USBD_StdItfReq
 .text.USBD_StdEPReq
                0x0800985c      0x33a ./Middlewares/ST/STM32_USB_Device_Library/Core/Src/usbd_ctlreq.o
                0x0800985c                USBD_StdEPReq
 *fill*         0x08009b96        0x2 
 .text.USBD_GetDescriptor
                0x08009b98      0x2d4 ./Middlewares/ST/STM32_USB_Device_Library/Core/Src/usbd_ctlreq.o
 .text.USBD_SetAddress
                0x08009e6c       0x88 ./Middlewares/ST/STM32_USB_Device_Library/Core/Src/usbd_ctlreq.o
 .text.USBD_SetConfig
                0x08009ef4      0x154 ./Middlewares/ST/STM32_USB_Device_Library/Core/Src/usbd_ctlreq.o
 .text.USBD_GetConfig
                0x0800a048       0x6c ./Middlewares/ST/STM32_USB_Device_Library/Core/Src/usbd_ctlreq.o
 .text.USBD_GetStatus
                0x0800a0b4       0x68 ./Middlewares/ST/STM32_USB_Device_Library/Core/Src/usbd_ctlreq.o
 .text.USBD_SetFeature
                0x0800a11c       0x52 ./Middlewares/ST/STM32_USB_Device_Library/Core/Src/usbd_ctlreq.o
 .text.USBD_ClrFeature
                0x0800a16e       0x44 ./Middlewares/ST/STM32_USB_Device_Library/Core/Src/usbd_ctlreq.o
 .text.USBD_ParseSetupRequest
                0x0800a1b2       0x74 ./Middlewares/ST/STM32_USB_Device_Library/Core/Src/usbd_ctlreq.o
                0x0800a1b2                USBD_ParseSetupRequest
 .text.USBD_CtlError
                0x0800a226       0x22 ./Middlewares/ST/STM32_USB_Device_Library/Core/Src/usbd_ctlreq.o
                0x0800a226                USBD_CtlError
 .text.USBD_GetString
                0x0800a248       0xa4 ./Middlewares/ST/STM32_USB_Device_Library/Core/Src/usbd_ctlreq.o
                0x0800a248                USBD_GetString
 .text.USBD_GetLen
                0x0800a2ec       0x34 ./Middlewares/ST/STM32_USB_Device_Library/Core/Src/usbd_ctlreq.o
 .text.USBD_CtlSendData
                0x0800a320       0x36 ./Middlewares/ST/STM32_USB_Device_Library/Core/Src/usbd_ioreq.o
                0x0800a320                USBD_CtlSendData
 .text.USBD_CtlContinueSendData
                0x0800a356       0x22 ./Middlewares/ST/STM32_USB_Device_Library/Core/Src/usbd_ioreq.o
                0x0800a356                USBD_CtlContinueSendData
 .text.USBD_CtlPrepareRx
                0x0800a378       0x3a ./Middlewares/ST/STM32_USB_Device_Library/Core/Src/usbd_ioreq.o
                0x0800a378                USBD_CtlPrepareRx
 .text.USBD_CtlContinueRx
                0x0800a3b2       0x22 ./Middlewares/ST/STM32_USB_Device_Library/Core/Src/usbd_ioreq.o
                0x0800a3b2                USBD_CtlContinueRx
 .text.USBD_CtlSendStatus
                0x0800a3d4       0x26 ./Middlewares/ST/STM32_USB_Device_Library/Core/Src/usbd_ioreq.o
                0x0800a3d4                USBD_CtlSendStatus
 .text.USBD_CtlReceiveStatus
                0x0800a3fa       0x26 ./Middlewares/ST/STM32_USB_Device_Library/Core/Src/usbd_ioreq.o
                0x0800a3fa                USBD_CtlReceiveStatus
 .text.MX_USB_DEVICE_Init
                0x0800a420       0x60 ./USB_DEVICE/App/usb_device.o
                0x0800a420                MX_USB_DEVICE_Init
 .text.CDC_Init_HS
                0x0800a480       0x28 ./USB_DEVICE/App/usbd_cdc_if.o
 .text.CDC_DeInit_HS
                0x0800a4a8       0x10 ./USB_DEVICE/App/usbd_cdc_if.o
 .text.CDC_Control_HS
                0x0800a4b8       0xbc ./USB_DEVICE/App/usbd_cdc_if.o
 .text.CDC_Receive_HS
                0x0800a574       0x28 ./USB_DEVICE/App/usbd_cdc_if.o
 .text.CDC_Transmit_HS
                0x0800a59c       0x4c ./USB_DEVICE/App/usbd_cdc_if.o
                0x0800a59c                CDC_Transmit_HS
 .text.CDC_TransmitCplt_HS
                0x0800a5e8       0x22 ./USB_DEVICE/App/usbd_cdc_if.o
 *fill*         0x0800a60a        0x2 
 .text.USBD_HS_DeviceDescriptor
                0x0800a60c       0x24 ./USB_DEVICE/App/usbd_desc.o
                0x0800a60c                USBD_HS_DeviceDescriptor
 .text.USBD_HS_LangIDStrDescriptor
                0x0800a630       0x24 ./USB_DEVICE/App/usbd_desc.o
                0x0800a630                USBD_HS_LangIDStrDescriptor
 .text.USBD_HS_ProductStrDescriptor
                0x0800a654       0x3c ./USB_DEVICE/App/usbd_desc.o
                0x0800a654                USBD_HS_ProductStrDescriptor
 .text.USBD_HS_ManufacturerStrDescriptor
                0x0800a690       0x28 ./USB_DEVICE/App/usbd_desc.o
                0x0800a690                USBD_HS_ManufacturerStrDescriptor
 .text.USBD_HS_SerialStrDescriptor
                0x0800a6b8       0x24 ./USB_DEVICE/App/usbd_desc.o
                0x0800a6b8                USBD_HS_SerialStrDescriptor
 .text.USBD_HS_ConfigStrDescriptor
                0x0800a6dc       0x3c ./USB_DEVICE/App/usbd_desc.o
                0x0800a6dc                USBD_HS_ConfigStrDescriptor
 .text.USBD_HS_InterfaceStrDescriptor
                0x0800a718       0x3c ./USB_DEVICE/App/usbd_desc.o
                0x0800a718                USBD_HS_InterfaceStrDescriptor
 .text.Get_SerialNum
                0x0800a754       0x58 ./USB_DEVICE/App/usbd_desc.o
 .text.IntToUnicode
                0x0800a7ac       0x7e ./USB_DEVICE/App/usbd_desc.o
 *fill*         0x0800a82a        0x2 
 .text.HAL_PCD_MspInit
                0x0800a82c       0xa0 ./USB_DEVICE/Target/usbd_conf.o
                0x0800a82c                HAL_PCD_MspInit
 .text.HAL_PCD_SetupStageCallback
                0x0800a8cc       0x24 ./USB_DEVICE/Target/usbd_conf.o
                0x0800a8cc                HAL_PCD_SetupStageCallback
 .text.HAL_PCD_DataOutStageCallback
                0x0800a8f0       0x36 ./USB_DEVICE/Target/usbd_conf.o
                0x0800a8f0                HAL_PCD_DataOutStageCallback
 .text.HAL_PCD_DataInStageCallback
                0x0800a926       0x34 ./USB_DEVICE/Target/usbd_conf.o
                0x0800a926                HAL_PCD_DataInStageCallback
 .text.HAL_PCD_SOFCallback
                0x0800a95a       0x1c ./USB_DEVICE/Target/usbd_conf.o
                0x0800a95a                HAL_PCD_SOFCallback
 .text.HAL_PCD_ResetCallback
                0x0800a976       0x50 ./USB_DEVICE/Target/usbd_conf.o
                0x0800a976                HAL_PCD_ResetCallback
 *fill*         0x0800a9c6        0x2 
 .text.HAL_PCD_SuspendCallback
                0x0800a9c8       0x4c ./USB_DEVICE/Target/usbd_conf.o
                0x0800a9c8                HAL_PCD_SuspendCallback
 .text.HAL_PCD_ResumeCallback
                0x0800aa14       0x1c ./USB_DEVICE/Target/usbd_conf.o
                0x0800aa14                HAL_PCD_ResumeCallback
 .text.HAL_PCD_ISOOUTIncompleteCallback
                0x0800aa30       0x24 ./USB_DEVICE/Target/usbd_conf.o
                0x0800aa30                HAL_PCD_ISOOUTIncompleteCallback
 .text.HAL_PCD_ISOINIncompleteCallback
                0x0800aa54       0x24 ./USB_DEVICE/Target/usbd_conf.o
                0x0800aa54                HAL_PCD_ISOINIncompleteCallback
 .text.HAL_PCD_ConnectCallback
                0x0800aa78       0x1c ./USB_DEVICE/Target/usbd_conf.o
                0x0800aa78                HAL_PCD_ConnectCallback
 .text.HAL_PCD_DisconnectCallback
                0x0800aa94       0x1c ./USB_DEVICE/Target/usbd_conf.o
                0x0800aa94                HAL_PCD_DisconnectCallback
 .text.USBD_LL_Init
                0x0800aab0       0xa4 ./USB_DEVICE/Target/usbd_conf.o
                0x0800aab0                USBD_LL_Init
 .text.USBD_LL_Start
                0x0800ab54       0x36 ./USB_DEVICE/Target/usbd_conf.o
                0x0800ab54                USBD_LL_Start
 .text.USBD_LL_OpenEP
                0x0800ab8a       0x4c ./USB_DEVICE/Target/usbd_conf.o
                0x0800ab8a                USBD_LL_OpenEP
 .text.USBD_LL_CloseEP
                0x0800abd6       0x3e ./USB_DEVICE/Target/usbd_conf.o
                0x0800abd6                USBD_LL_CloseEP
 .text.USBD_LL_StallEP
                0x0800ac14       0x3e ./USB_DEVICE/Target/usbd_conf.o
                0x0800ac14                USBD_LL_StallEP
 .text.USBD_LL_ClearStallEP
                0x0800ac52       0x3e ./USB_DEVICE/Target/usbd_conf.o
                0x0800ac52                USBD_LL_ClearStallEP
 .text.USBD_LL_IsStallEP
                0x0800ac90       0x58 ./USB_DEVICE/Target/usbd_conf.o
                0x0800ac90                USBD_LL_IsStallEP
 .text.USBD_LL_SetUSBAddress
                0x0800ace8       0x3e ./USB_DEVICE/Target/usbd_conf.o
                0x0800ace8                USBD_LL_SetUSBAddress
 .text.USBD_LL_Transmit
                0x0800ad26       0x42 ./USB_DEVICE/Target/usbd_conf.o
                0x0800ad26                USBD_LL_Transmit
 .text.USBD_LL_PrepareReceive
                0x0800ad68       0x42 ./USB_DEVICE/Target/usbd_conf.o
                0x0800ad68                USBD_LL_PrepareReceive
 .text.USBD_LL_GetRxDataSize
                0x0800adaa       0x26 ./USB_DEVICE/Target/usbd_conf.o
                0x0800adaa                USBD_LL_GetRxDataSize
 .text.USBD_static_malloc
                0x0800add0       0x1c ./USB_DEVICE/Target/usbd_conf.o
                0x0800add0                USBD_static_malloc
 .text.USBD_static_free
                0x0800adec       0x14 ./USB_DEVICE/Target/usbd_conf.o
                0x0800adec                USBD_static_free
 .text.USBD_Get_USB_Status
                0x0800ae00       0x58 ./USB_DEVICE/Target/usbd_conf.o
                0x0800ae00                USBD_Get_USB_Status
 .text.sprintf  0x0800ae58       0x40 C:/ST/STM32CubeIDE_1.16.1/STM32CubeIDE/plugins/com.st.stm32cube.ide.mcu.externaltools.gnu-tools-for-stm32.12.3.rel1.win32_1.0.200.202406191623/tools/bin/../lib/gcc/arm-none-eabi/12.3.1/../../../../arm-none-eabi/lib/thumb/v7e-m+fp/hard\libc_nano.a(libc_a-sprintf.o)
                0x0800ae58                siprintf
                0x0800ae58                sprintf
 .text.memset   0x0800ae98       0x10 C:/ST/STM32CubeIDE_1.16.1/STM32CubeIDE/plugins/com.st.stm32cube.ide.mcu.externaltools.gnu-tools-for-stm32.12.3.rel1.win32_1.0.200.202406191623/tools/bin/../lib/gcc/arm-none-eabi/12.3.1/../../../../arm-none-eabi/lib/thumb/v7e-m+fp/hard\libc_nano.a(libc_a-memset.o)
                0x0800ae98                memset
 .text.__errno  0x0800aea8        0xc C:/ST/STM32CubeIDE_1.16.1/STM32CubeIDE/plugins/com.st.stm32cube.ide.mcu.externaltools.gnu-tools-for-stm32.12.3.rel1.win32_1.0.200.202406191623/tools/bin/../lib/gcc/arm-none-eabi/12.3.1/../../../../arm-none-eabi/lib/thumb/v7e-m+fp/hard\libc_nano.a(libc_a-errno.o)
                0x0800aea8                __errno
 .text.__libc_init_array
                0x0800aeb4       0x48 C:/ST/STM32CubeIDE_1.16.1/STM32CubeIDE/plugins/com.st.stm32cube.ide.mcu.externaltools.gnu-tools-for-stm32.12.3.rel1.win32_1.0.200.202406191623/tools/bin/../lib/gcc/arm-none-eabi/12.3.1/../../../../arm-none-eabi/lib/thumb/v7e-m+fp/hard\libc_nano.a(libc_a-init.o)
                0x0800aeb4                __libc_init_array
 .text.__retarget_lock_acquire_recursive
                0x0800aefc        0x2 C:/ST/STM32CubeIDE_1.16.1/STM32CubeIDE/plugins/com.st.stm32cube.ide.mcu.externaltools.gnu-tools-for-stm32.12.3.rel1.win32_1.0.200.202406191623/tools/bin/../lib/gcc/arm-none-eabi/12.3.1/../../../../arm-none-eabi/lib/thumb/v7e-m+fp/hard\libc_nano.a(libc_a-lock.o)
                0x0800aefc                __retarget_lock_acquire_recursive
 .text.__retarget_lock_release_recursive
                0x0800aefe        0x2 C:/ST/STM32CubeIDE_1.16.1/STM32CubeIDE/plugins/com.st.stm32cube.ide.mcu.externaltools.gnu-tools-for-stm32.12.3.rel1.win32_1.0.200.202406191623/tools/bin/../lib/gcc/arm-none-eabi/12.3.1/../../../../arm-none-eabi/lib/thumb/v7e-m+fp/hard\libc_nano.a(libc_a-lock.o)
                0x0800aefe                __retarget_lock_release_recursive
 .text._free_r  0x0800af00       0x94 C:/ST/STM32CubeIDE_1.16.1/STM32CubeIDE/plugins/com.st.stm32cube.ide.mcu.externaltools.gnu-tools-for-stm32.12.3.rel1.win32_1.0.200.202406191623/tools/bin/../lib/gcc/arm-none-eabi/12.3.1/../../../../arm-none-eabi/lib/thumb/v7e-m+fp/hard\libc_nano.a(libc_a-freer.o)
                0x0800af00                _free_r
 .text.sbrk_aligned
                0x0800af94       0x44 C:/ST/STM32CubeIDE_1.16.1/STM32CubeIDE/plugins/com.st.stm32cube.ide.mcu.externaltools.gnu-tools-for-stm32.12.3.rel1.win32_1.0.200.202406191623/tools/bin/../lib/gcc/arm-none-eabi/12.3.1/../../../../arm-none-eabi/lib/thumb/v7e-m+fp/hard\libc_nano.a(libc_a-mallocr.o)
 .text._malloc_r
                0x0800afd8      0x100 C:/ST/STM32CubeIDE_1.16.1/STM32CubeIDE/plugins/com.st.stm32cube.ide.mcu.externaltools.gnu-tools-for-stm32.12.3.rel1.win32_1.0.200.202406191623/tools/bin/../lib/gcc/arm-none-eabi/12.3.1/../../../../arm-none-eabi/lib/thumb/v7e-m+fp/hard\libc_nano.a(libc_a-mallocr.o)
                0x0800afd8                _malloc_r
 .text.__malloc_lock
                0x0800b0d8        0xc C:/ST/STM32CubeIDE_1.16.1/STM32CubeIDE/plugins/com.st.stm32cube.ide.mcu.externaltools.gnu-tools-for-stm32.12.3.rel1.win32_1.0.200.202406191623/tools/bin/../lib/gcc/arm-none-eabi/12.3.1/../../../../arm-none-eabi/lib/thumb/v7e-m+fp/hard\libc_nano.a(libc_a-mlock.o)
                0x0800b0d8                __malloc_lock
 .text.__malloc_unlock
                0x0800b0e4        0xc C:/ST/STM32CubeIDE_1.16.1/STM32CubeIDE/plugins/com.st.stm32cube.ide.mcu.externaltools.gnu-tools-for-stm32.12.3.rel1.win32_1.0.200.202406191623/tools/bin/../lib/gcc/arm-none-eabi/12.3.1/../../../../arm-none-eabi/lib/thumb/v7e-m+fp/hard\libc_nano.a(libc_a-mlock.o)
                0x0800b0e4                __malloc_unlock
 .text.__ssputs_r
                0x0800b0f0       0xb6 C:/ST/STM32CubeIDE_1.16.1/STM32CubeIDE/plugins/com.st.stm32cube.ide.mcu.externaltools.gnu-tools-for-stm32.12.3.rel1.win32_1.0.200.202406191623/tools/bin/../lib/gcc/arm-none-eabi/12.3.1/../../../../arm-none-eabi/lib/thumb/v7e-m+fp/hard\libc_nano.a(libc_a-nano-svfprintf.o)
                0x0800b0f0                __ssputs_r
 *fill*         0x0800b1a6        0x2 
 .text._svfprintf_r
                0x0800b1a8      0x1f8 C:/ST/STM32CubeIDE_1.16.1/STM32CubeIDE/plugins/com.st.stm32cube.ide.mcu.externaltools.gnu-tools-for-stm32.12.3.rel1.win32_1.0.200.202406191623/tools/bin/../lib/gcc/arm-none-eabi/12.3.1/../../../../arm-none-eabi/lib/thumb/v7e-m+fp/hard\libc_nano.a(libc_a-nano-svfprintf.o)
                0x0800b1a8                _svfiprintf_r
                0x0800b1a8                _svfprintf_r
 .text._printf_common
                0x0800b3a0       0xda C:/ST/STM32CubeIDE_1.16.1/STM32CubeIDE/plugins/com.st.stm32cube.ide.mcu.externaltools.gnu-tools-for-stm32.12.3.rel1.win32_1.0.200.202406191623/tools/bin/../lib/gcc/arm-none-eabi/12.3.1/../../../../arm-none-eabi/lib/thumb/v7e-m+fp/hard\libc_nano.a(libc_a-nano-vfprintf_i.o)
                0x0800b3a0                _printf_common
 *fill*         0x0800b47a        0x2 
 .text._printf_i
                0x0800b47c      0x240 C:/ST/STM32CubeIDE_1.16.1/STM32CubeIDE/plugins/com.st.stm32cube.ide.mcu.externaltools.gnu-tools-for-stm32.12.3.rel1.win32_1.0.200.202406191623/tools/bin/../lib/gcc/arm-none-eabi/12.3.1/../../../../arm-none-eabi/lib/thumb/v7e-m+fp/hard\libc_nano.a(libc_a-nano-vfprintf_i.o)
                0x0800b47c                _printf_i
 .text.memmove  0x0800b6bc       0x34 C:/ST/STM32CubeIDE_1.16.1/STM32CubeIDE/plugins/com.st.stm32cube.ide.mcu.externaltools.gnu-tools-for-stm32.12.3.rel1.win32_1.0.200.202406191623/tools/bin/../lib/gcc/arm-none-eabi/12.3.1/../../../../arm-none-eabi/lib/thumb/v7e-m+fp/hard\libc_nano.a(libc_a-memmove.o)
                0x0800b6bc                memmove
 .text._sbrk_r  0x0800b6f0       0x20 C:/ST/STM32CubeIDE_1.16.1/STM32CubeIDE/plugins/com.st.stm32cube.ide.mcu.externaltools.gnu-tools-for-stm32.12.3.rel1.win32_1.0.200.202406191623/tools/bin/../lib/gcc/arm-none-eabi/12.3.1/../../../../arm-none-eabi/lib/thumb/v7e-m+fp/hard\libc_nano.a(libc_a-sbrkr.o)
                0x0800b6f0                _sbrk_r
 .text.memcpy   0x0800b710       0x1c C:/ST/STM32CubeIDE_1.16.1/STM32CubeIDE/plugins/com.st.stm32cube.ide.mcu.externaltools.gnu-tools-for-stm32.12.3.rel1.win32_1.0.200.202406191623/tools/bin/../lib/gcc/arm-none-eabi/12.3.1/../../../../arm-none-eabi/lib/thumb/v7e-m+fp/hard\libc_nano.a(libc_a-memcpy-stub.o)
                0x0800b710                memcpy
 .text._realloc_r
                0x0800b72c       0x5c C:/ST/STM32CubeIDE_1.16.1/STM32CubeIDE/plugins/com.st.stm32cube.ide.mcu.externaltools.gnu-tools-for-stm32.12.3.rel1.win32_1.0.200.202406191623/tools/bin/../lib/gcc/arm-none-eabi/12.3.1/../../../../arm-none-eabi/lib/thumb/v7e-m+fp/hard\libc_nano.a(libc_a-reallocr.o)
                0x0800b72c                _realloc_r
 .text._malloc_usable_size_r
                0x0800b788       0x10 C:/ST/STM32CubeIDE_1.16.1/STM32CubeIDE/plugins/com.st.stm32cube.ide.mcu.externaltools.gnu-tools-for-stm32.12.3.rel1.win32_1.0.200.202406191623/tools/bin/../lib/gcc/arm-none-eabi/12.3.1/../../../../arm-none-eabi/lib/thumb/v7e-m+fp/hard\libc_nano.a(libc_a-msizer.o)
                0x0800b788                _malloc_usable_size_r
 *(.glue_7)
 .glue_7        0x0800b798        0x0 linker stubs
 *(.glue_7t)
 .glue_7t       0x0800b798        0x0 linker stubs
 *(.eh_frame)
 .eh_frame      0x0800b798        0x0 C:/ST/STM32CubeIDE_1.16.1/STM32CubeIDE/plugins/com.st.stm32cube.ide.mcu.externaltools.gnu-tools-for-stm32.12.3.rel1.win32_1.0.200.202406191623/tools/bin/../lib/gcc/arm-none-eabi/12.3.1/thumb/v7e-m+fp/hard/crtbegin.o
 *(.init)
 .init          0x0800b798        0x4 C:/ST/STM32CubeIDE_1.16.1/STM32CubeIDE/plugins/com.st.stm32cube.ide.mcu.externaltools.gnu-tools-for-stm32.12.3.rel1.win32_1.0.200.202406191623/tools/bin/../lib/gcc/arm-none-eabi/12.3.1/thumb/v7e-m+fp/hard/crti.o
                0x0800b798                _init
 .init          0x0800b79c        0x8 C:/ST/STM32CubeIDE_1.16.1/STM32CubeIDE/plugins/com.st.stm32cube.ide.mcu.externaltools.gnu-tools-for-stm32.12.3.rel1.win32_1.0.200.202406191623/tools/bin/../lib/gcc/arm-none-eabi/12.3.1/thumb/v7e-m+fp/hard/crtn.o
 *(.fini)
 .fini          0x0800b7a4        0x4 C:/ST/STM32CubeIDE_1.16.1/STM32CubeIDE/plugins/com.st.stm32cube.ide.mcu.externaltools.gnu-tools-for-stm32.12.3.rel1.win32_1.0.200.202406191623/tools/bin/../lib/gcc/arm-none-eabi/12.3.1/thumb/v7e-m+fp/hard/crti.o
                0x0800b7a4                _fini
 .fini          0x0800b7a8        0x8 C:/ST/STM32CubeIDE_1.16.1/STM32CubeIDE/plugins/com.st.stm32cube.ide.mcu.externaltools.gnu-tools-for-stm32.12.3.rel1.win32_1.0.200.202406191623/tools/bin/../lib/gcc/arm-none-eabi/12.3.1/thumb/v7e-m+fp/hard/crtn.o
                0x0800b7b0                        . = ALIGN (0x4)
                0x0800b7b0                        _etext = .

.vfp11_veneer   0x0800b7b0        0x0
 .vfp11_veneer  0x0800b7b0        0x0 linker stubs

.v4_bx          0x0800b7b0        0x0
 .v4_bx         0x0800b7b0        0x0 linker stubs

.iplt           0x0800b7b0        0x0
 .iplt          0x0800b7b0        0x0 C:/ST/STM32CubeIDE_1.16.1/STM32CubeIDE/plugins/com.st.stm32cube.ide.mcu.externaltools.gnu-tools-for-stm32.12.3.rel1.win32_1.0.200.202406191623/tools/bin/../lib/gcc/arm-none-eabi/12.3.1/thumb/v7e-m+fp/hard/crtbegin.o

.rodata         0x0800b7b0     0x1b84
                0x0800b7b0                        . = ALIGN (0x4)
 *(.rodata)
 .rodata        0x0800b7b0       0x36 ./Core/Src/main.o
 *fill*         0x0800b7e6        0x2 
 .rodata        0x0800b7e8       0x46 ./USB_DEVICE/App/usbd_desc.o
 *(.rodata*)
 *fill*         0x0800b82e        0x2 
 .rodata.AHBPrescTable
                0x0800b830       0x10 ./Core/Src/system_stm32f4xx.o
                0x0800b830                AHBPrescTable
 .rodata.Font24_Table
                0x0800b840     0x1ab8 ./Drivers/BSP/STM32F429I-Discovery/stm32f429i_discovery_lcd.o
                0x0800b840                Font24_Table
 .rodata.flagBitshiftOffset.0
                0x0800d2f8        0x8 ./Drivers/STM32F4xx_HAL_Driver/Src/stm32f4xx_hal_dma.o
 .rodata._svfprintf_r.str1.1
                0x0800d300       0x11 C:/ST/STM32CubeIDE_1.16.1/STM32CubeIDE/plugins/com.st.stm32cube.ide.mcu.externaltools.gnu-tools-for-stm32.12.3.rel1.win32_1.0.200.202406191623/tools/bin/../lib/gcc/arm-none-eabi/12.3.1/../../../../arm-none-eabi/lib/thumb/v7e-m+fp/hard\libc_nano.a(libc_a-nano-svfprintf.o)
 .rodata._printf_i.str1.1
                0x0800d311       0x22 C:/ST/STM32CubeIDE_1.16.1/STM32CubeIDE/plugins/com.st.stm32cube.ide.mcu.externaltools.gnu-tools-for-stm32.12.3.rel1.win32_1.0.200.202406191623/tools/bin/../lib/gcc/arm-none-eabi/12.3.1/../../../../arm-none-eabi/lib/thumb/v7e-m+fp/hard\libc_nano.a(libc_a-nano-vfprintf_i.o)
                0x0800d334                        . = ALIGN (0x4)
 *fill*         0x0800d333        0x1 

.ARM.extab      0x0800d334        0x0
                0x0800d334                        . = ALIGN (0x4)
 *(.ARM.extab* .gnu.linkonce.armextab.*)
                0x0800d334                        . = ALIGN (0x4)

.ARM            0x0800d334        0x8
                0x0800d334                        . = ALIGN (0x4)
                0x0800d334                        __exidx_start = .
 *(.ARM.exidx*)
 .ARM.exidx     0x0800d334        0x8 C:/ST/STM32CubeIDE_1.16.1/STM32CubeIDE/plugins/com.st.stm32cube.ide.mcu.externaltools.gnu-tools-for-stm32.12.3.rel1.win32_1.0.200.202406191623/tools/bin/../lib/gcc/arm-none-eabi/12.3.1/../../../../arm-none-eabi/lib/thumb/v7e-m+fp/hard\libc_nano.a(libc_a-memchr.o)
 .ARM.exidx     0x0800d33c        0x0 C:/ST/STM32CubeIDE_1.16.1/STM32CubeIDE/plugins/com.st.stm32cube.ide.mcu.externaltools.gnu-tools-for-stm32.12.3.rel1.win32_1.0.200.202406191623/tools/bin/../lib/gcc/arm-none-eabi/12.3.1/thumb/v7e-m+fp/hard\libgcc.a(_udivmoddi4.o)
                                  0x8 (size before relaxing)
                0x0800d33c                        __exidx_end = .
                0x0800d33c                        . = ALIGN (0x4)

.preinit_array  0x0800d33c        0x0
                0x0800d33c                        . = ALIGN (0x4)
                0x0800d33c                        PROVIDE (__preinit_array_start = .)
 *(.preinit_array*)
                0x0800d33c                        PROVIDE (__preinit_array_end = .)
                0x0800d33c                        . = ALIGN (0x4)

.init_array     0x0800d33c        0x4
                0x0800d33c                        . = ALIGN (0x4)
                0x0800d33c                        PROVIDE (__init_array_start = .)
 *(SORT_BY_NAME(.init_array.*))
 *(.init_array*)
 .init_array    0x0800d33c        0x4 C:/ST/STM32CubeIDE_1.16.1/STM32CubeIDE/plugins/com.st.stm32cube.ide.mcu.externaltools.gnu-tools-for-stm32.12.3.rel1.win32_1.0.200.202406191623/tools/bin/../lib/gcc/arm-none-eabi/12.3.1/thumb/v7e-m+fp/hard/crtbegin.o
                0x0800d340                        PROVIDE (__init_array_end = .)
                0x0800d340                        . = ALIGN (0x4)

.fini_array     0x0800d340        0x4
                0x0800d340                        . = ALIGN (0x4)
                [!provide]                        PROVIDE (__fini_array_start = .)
 *(SORT_BY_NAME(.fini_array.*))
 *(.fini_array*)
 .fini_array    0x0800d340        0x4 C:/ST/STM32CubeIDE_1.16.1/STM32CubeIDE/plugins/com.st.stm32cube.ide.mcu.externaltools.gnu-tools-for-stm32.12.3.rel1.win32_1.0.200.202406191623/tools/bin/../lib/gcc/arm-none-eabi/12.3.1/thumb/v7e-m+fp/hard/crtbegin.o
                [!provide]                        PROVIDE (__fini_array_end = .)
                0x0800d344                        . = ALIGN (0x4)
                0x0800d344                        _sidata = LOADADDR (.data)

.rel.dyn        0x0800d344        0x0
 .rel.iplt      0x0800d344        0x0 C:/ST/STM32CubeIDE_1.16.1/STM32CubeIDE/plugins/com.st.stm32cube.ide.mcu.externaltools.gnu-tools-for-stm32.12.3.rel1.win32_1.0.200.202406191623/tools/bin/../lib/gcc/arm-none-eabi/12.3.1/thumb/v7e-m+fp/hard/crtbegin.o

.data           0x20000000      0x1d8 load address 0x0800d344
                0x20000000                        . = ALIGN (0x4)
                0x20000000                        _sdata = .
 *(.data)
 *(.data*)
 .data.ball_r   0x20000000        0x4 ./Core/Src/main.o
                0x20000000                ball_r
 .data.ball_hight
                0x20000004        0x4 ./Core/Src/main.o
                0x20000004                ball_hight
 .data.step_hight
                0x20000008        0x4 ./Core/Src/main.o
                0x20000008                step_hight
 .data.step_r   0x2000000c        0x4 ./Core/Src/main.o
                0x2000000c                step_r
 .data.SystemCoreClock
                0x20000010        0x4 ./Core/Src/system_stm32f4xx.o
                0x20000010                SystemCoreClock
 .data.ili9341_drv
                0x20000014       0x38 ./Drivers/BSP/Components/ili9341/ili9341.o
                0x20000014                ili9341_drv
 .data.L3gd20Drv
                0x2000004c       0x34 ./Drivers/BSP/Components/l3gd20/l3gd20.o
                0x2000004c                L3gd20Drv
 .data.SpixTimeout
                0x20000080        0x4 ./Drivers/BSP/STM32F429I-Discovery/stm32f429i_discovery.o
                0x20000080                SpixTimeout
 .data.Font24   0x20000084        0x8 ./Drivers/BSP/STM32F429I-Discovery/stm32f429i_discovery_lcd.o
                0x20000084                Font24
 .data.sdramstatus.2
                0x2000008c        0x1 ./Drivers/BSP/STM32F429I-Discovery/stm32f429i_discovery_sdram.o
 *fill*         0x2000008d        0x3 
 .data.uwTickPrio
                0x20000090        0x4 ./Drivers/STM32F4xx_HAL_Driver/Src/stm32f4xx_hal.o
                0x20000090                uwTickPrio
 .data.uwTickFreq
                0x20000094        0x1 ./Drivers/STM32F4xx_HAL_Driver/Src/stm32f4xx_hal.o
                0x20000094                uwTickFreq
 *fill*         0x20000095        0x3 
 .data.USBD_CDC_DeviceQualifierDesc
                0x20000098        0xa ./Middlewares/ST/STM32_USB_Device_Library/Class/CDC/Src/usbd_cdc.o
 *fill*         0x200000a2        0x2 
 .data.USBD_CDC
                0x200000a4       0x38 ./Middlewares/ST/STM32_USB_Device_Library/Class/CDC/Src/usbd_cdc.o
                0x200000a4                USBD_CDC
 .data.USBD_CDC_CfgDesc
                0x200000dc       0x43 ./Middlewares/ST/STM32_USB_Device_Library/Class/CDC/Src/usbd_cdc.o
 .data.CDCInEpAdd
                0x2000011f        0x1 ./Middlewares/ST/STM32_USB_Device_Library/Class/CDC/Src/usbd_cdc.o
 .data.CDCOutEpAdd
                0x20000120        0x1 ./Middlewares/ST/STM32_USB_Device_Library/Class/CDC/Src/usbd_cdc.o
 .data.CDCCmdEpAdd
                0x20000121        0x1 ./Middlewares/ST/STM32_USB_Device_Library/Class/CDC/Src/usbd_cdc.o
 *fill*         0x20000122        0x2 
 .data.USBD_Interface_fops_HS
                0x20000124       0x14 ./USB_DEVICE/App/usbd_cdc_if.o
                0x20000124                USBD_Interface_fops_HS
 .data.HS_Desc  0x20000138       0x1c ./USB_DEVICE/App/usbd_desc.o
                0x20000138                HS_Desc
 .data.USBD_HS_DeviceDesc
                0x20000154       0x12 ./USB_DEVICE/App/usbd_desc.o
                0x20000154                USBD_HS_DeviceDesc
 *fill*         0x20000166        0x2 
 .data.USBD_LangIDDesc
                0x20000168        0x4 ./USB_DEVICE/App/usbd_desc.o
                0x20000168                USBD_LangIDDesc
 .data.USBD_StringSerial
                0x2000016c       0x1a ./USB_DEVICE/App/usbd_desc.o
                0x2000016c                USBD_StringSerial
 *fill*         0x20000186        0x2 
 .data._impure_ptr
                0x20000188        0x4 C:/ST/STM32CubeIDE_1.16.1/STM32CubeIDE/plugins/com.st.stm32cube.ide.mcu.externaltools.gnu-tools-for-stm32.12.3.rel1.win32_1.0.200.202406191623/tools/bin/../lib/gcc/arm-none-eabi/12.3.1/../../../../arm-none-eabi/lib/thumb/v7e-m+fp/hard\libc_nano.a(libc_a-impure.o)
                0x20000188                _impure_ptr
 .data._impure_data
                0x2000018c       0x4c C:/ST/STM32CubeIDE_1.16.1/STM32CubeIDE/plugins/com.st.stm32cube.ide.mcu.externaltools.gnu-tools-for-stm32.12.3.rel1.win32_1.0.200.202406191623/tools/bin/../lib/gcc/arm-none-eabi/12.3.1/../../../../arm-none-eabi/lib/thumb/v7e-m+fp/hard\libc_nano.a(libc_a-impure.o)
                0x2000018c                _impure_data
 *(.RamFunc)
 *(.RamFunc*)
                0x200001d8                        . = ALIGN (0x4)
                0x200001d8                        _edata = .
                0x0800d51c                        _siccmram = LOADADDR (.ccmram)

.igot.plt       0x200001d8        0x0 load address 0x0800d51c
 .igot.plt      0x200001d8        0x0 C:/ST/STM32CubeIDE_1.16.1/STM32CubeIDE/plugins/com.st.stm32cube.ide.mcu.externaltools.gnu-tools-for-stm32.12.3.rel1.win32_1.0.200.202406191623/tools/bin/../lib/gcc/arm-none-eabi/12.3.1/thumb/v7e-m+fp/hard/crtbegin.o

.ccmram         0x10000000        0x0 load address 0x0800d51c
                0x10000000                        . = ALIGN (0x4)
                0x10000000                        _sccmram = .
 *(.ccmram)
 *(.ccmram*)
                0x10000000                        . = ALIGN (0x4)
                0x10000000                        _eccmram = .
                0x10000000                        . = ALIGN (0x4)

.bss            0x200001d8     0x2028
                0x200001d8                        _sbss = .
                0x200001d8                        __bss_start__ = _sbss
 *(.bss)
 .bss           0x200001d8       0x1c C:/ST/STM32CubeIDE_1.16.1/STM32CubeIDE/plugins/com.st.stm32cube.ide.mcu.externaltools.gnu-tools-for-stm32.12.3.rel1.win32_1.0.200.202406191623/tools/bin/../lib/gcc/arm-none-eabi/12.3.1/thumb/v7e-m+fp/hard/crtbegin.o
 *(.bss*)
 .bss.gameStarted
                0x200001f4        0x4 ./Core/Src/main.o
                0x200001f4                gameStarted
 .bss.isGameOver
                0x200001f8        0x4 ./Core/Src/main.o
                0x200001f8                isGameOver
 .bss.score     0x200001fc        0x4 ./Core/Src/main.o
                0x200001fc                score
 .bss.buffer_lcd
                0x20000200       0x32 ./Core/Src/main.o
                0x20000200                buffer_lcd
 *fill*         0x20000232        0x2 
 .bss.buffer_usb
                0x20000234       0x32 ./Core/Src/main.o
                0x20000234                buffer_usb
 *fill*         0x20000266        0x2 
 .bss.data      0x20000268        0xc ./Core/Src/main.o
                0x20000268                data
 .bss.__sbrk_heap_end
                0x20000274        0x4 ./Core/Src/sysmem.o
 .bss.SpiHandle
                0x20000278       0x58 ./Drivers/BSP/STM32F429I-Discovery/stm32f429i_discovery.o
 .bss.Is_LCD_IO_Initialized
                0x200002d0        0x1 ./Drivers/BSP/STM32F429I-Discovery/stm32f429i_discovery.o
 *fill*         0x200002d1        0x3 
 .bss.GyroscopeDrv
                0x200002d4        0x4 ./Drivers/BSP/STM32F429I-Discovery/stm32f429i_discovery_gyroscope.o
 .bss.LtdcHandler
                0x200002d8       0xa8 ./Drivers/BSP/STM32F429I-Discovery/stm32f429i_discovery_lcd.o
                0x200002d8                LtdcHandler
 .bss.Dma2dHandler
                0x20000380       0x40 ./Drivers/BSP/STM32F429I-Discovery/stm32f429i_discovery_lcd.o
 .bss.PeriphClkInitStruct
                0x200003c0       0x30 ./Drivers/BSP/STM32F429I-Discovery/stm32f429i_discovery_lcd.o
 .bss.ActiveLayer
                0x200003f0        0x4 ./Drivers/BSP/STM32F429I-Discovery/stm32f429i_discovery_lcd.o
 .bss.DrawProp  0x200003f4       0x18 ./Drivers/BSP/STM32F429I-Discovery/stm32f429i_discovery_lcd.o
 .bss.LcdDrv    0x2000040c        0x4 ./Drivers/BSP/STM32F429I-Discovery/stm32f429i_discovery_lcd.o
                0x2000040c                LcdDrv
 .bss.SdramHandle
                0x20000410       0x34 ./Drivers/BSP/STM32F429I-Discovery/stm32f429i_discovery_sdram.o
 .bss.Timing    0x20000444       0x1c ./Drivers/BSP/STM32F429I-Discovery/stm32f429i_discovery_sdram.o
 .bss.Command   0x20000460       0x10 ./Drivers/BSP/STM32F429I-Discovery/stm32f429i_discovery_sdram.o
 .bss.dmaHandle.1
                0x20000470       0x60 ./Drivers/BSP/STM32F429I-Discovery/stm32f429i_discovery_sdram.o
 .bss.uwTick    0x200004d0        0x4 ./Drivers/STM32F4xx_HAL_Driver/Src/stm32f4xx_hal.o
                0x200004d0                uwTick
 .bss.cfgidx.0  0x200004d4        0x1 ./Middlewares/ST/STM32_USB_Device_Library/Core/Src/usbd_ctlreq.o
 *fill*         0x200004d5        0x3 
 .bss.hUsbDeviceHS
                0x200004d8      0x2dc ./USB_DEVICE/App/usb_device.o
                0x200004d8                hUsbDeviceHS
 .bss.UserRxBufferHS
                0x200007b4      0x800 ./USB_DEVICE/App/usbd_cdc_if.o
                0x200007b4                UserRxBufferHS
 .bss.UserTxBufferHS
                0x20000fb4      0x800 ./USB_DEVICE/App/usbd_cdc_if.o
                0x20000fb4                UserTxBufferHS
 .bss.USBD_StrDesc
                0x200017b4      0x200 ./USB_DEVICE/App/usbd_desc.o
                0x200017b4                USBD_StrDesc
 .bss.hpcd_USB_OTG_HS
                0x200019b4      0x4e4 ./USB_DEVICE/Target/usbd_conf.o
                0x200019b4                hpcd_USB_OTG_HS
 .bss.mem.0     0x20001e98      0x220 ./USB_DEVICE/Target/usbd_conf.o
 .bss.__sf      0x200020b8      0x138 C:/ST/STM32CubeIDE_1.16.1/STM32CubeIDE/plugins/com.st.stm32cube.ide.mcu.externaltools.gnu-tools-for-stm32.12.3.rel1.win32_1.0.200.202406191623/tools/bin/../lib/gcc/arm-none-eabi/12.3.1/../../../../arm-none-eabi/lib/thumb/v7e-m+fp/hard\libc_nano.a(libc_a-findfp.o)
                0x200020b8                __sf
 .bss.errno     0x200021f0        0x4 C:/ST/STM32CubeIDE_1.16.1/STM32CubeIDE/plugins/com.st.stm32cube.ide.mcu.externaltools.gnu-tools-for-stm32.12.3.rel1.win32_1.0.200.202406191623/tools/bin/../lib/gcc/arm-none-eabi/12.3.1/../../../../arm-none-eabi/lib/thumb/v7e-m+fp/hard\libc_nano.a(libc_a-reent.o)
                0x200021f0                errno
 .bss.__lock___malloc_recursive_mutex
                0x200021f4        0x1 C:/ST/STM32CubeIDE_1.16.1/STM32CubeIDE/plugins/com.st.stm32cube.ide.mcu.externaltools.gnu-tools-for-stm32.12.3.rel1.win32_1.0.200.202406191623/tools/bin/../lib/gcc/arm-none-eabi/12.3.1/../../../../arm-none-eabi/lib/thumb/v7e-m+fp/hard\libc_nano.a(libc_a-lock.o)
                0x200021f4                __lock___malloc_recursive_mutex
 *fill*         0x200021f5        0x3 
 .bss.__malloc_sbrk_start
                0x200021f8        0x4 C:/ST/STM32CubeIDE_1.16.1/STM32CubeIDE/plugins/com.st.stm32cube.ide.mcu.externaltools.gnu-tools-for-stm32.12.3.rel1.win32_1.0.200.202406191623/tools/bin/../lib/gcc/arm-none-eabi/12.3.1/../../../../arm-none-eabi/lib/thumb/v7e-m+fp/hard\libc_nano.a(libc_a-mallocr.o)
                0x200021f8                __malloc_sbrk_start
 .bss.__malloc_free_list
                0x200021fc        0x4 C:/ST/STM32CubeIDE_1.16.1/STM32CubeIDE/plugins/com.st.stm32cube.ide.mcu.externaltools.gnu-tools-for-stm32.12.3.rel1.win32_1.0.200.202406191623/tools/bin/../lib/gcc/arm-none-eabi/12.3.1/../../../../arm-none-eabi/lib/thumb/v7e-m+fp/hard\libc_nano.a(libc_a-mallocr.o)
                0x200021fc                __malloc_free_list
 *(COMMON)
                0x20002200                        . = ALIGN (0x4)
                0x20002200                        _ebss = .
                0x20002200                        __bss_end__ = _ebss

._user_heap_stack
                0x20002200     0x2400
                0x20002200                        . = ALIGN (0x8)
                [!provide]                        PROVIDE (end = .)
                0x20002200                        PROVIDE (_end = .)
                0x20004200                        . = (. + _Min_Heap_Size)
 *fill*         0x20002200     0x2000 
                0x20004600                        . = (. + _Min_Stack_Size)
 *fill*         0x20004200      0x400 
                0x20004600                        . = ALIGN (0x8)

/DISCARD/
 libc.a(*)
 libm.a(*)
 libgcc.a(*)

.ARM.attributes
                0x00000000       0x30
 *(.ARM.attributes)
 .ARM.attributes
                0x00000000       0x22 C:/ST/STM32CubeIDE_1.16.1/STM32CubeIDE/plugins/com.st.stm32cube.ide.mcu.externaltools.gnu-tools-for-stm32.12.3.rel1.win32_1.0.200.202406191623/tools/bin/../lib/gcc/arm-none-eabi/12.3.1/thumb/v7e-m+fp/hard/crti.o
 .ARM.attributes
                0x00000022       0x34 C:/ST/STM32CubeIDE_1.16.1/STM32CubeIDE/plugins/com.st.stm32cube.ide.mcu.externaltools.gnu-tools-for-stm32.12.3.rel1.win32_1.0.200.202406191623/tools/bin/../lib/gcc/arm-none-eabi/12.3.1/thumb/v7e-m+fp/hard/crtbegin.o
 .ARM.attributes
                0x00000056       0x34 ./Core/Src/main.o
 .ARM.attributes
                0x0000008a       0x34 ./Core/Src/stm32f4xx_hal_msp.o
 .ARM.attributes
                0x000000be       0x34 ./Core/Src/stm32f4xx_it.o
 .ARM.attributes
                0x000000f2       0x34 ./Core/Src/sysmem.o
 .ARM.attributes
                0x00000126       0x34 ./Core/Src/system_stm32f4xx.o
 .ARM.attributes
                0x0000015a       0x21 ./Core/Startup/startup_stm32f429zitx.o
 .ARM.attributes
                0x0000017b       0x34 ./Drivers/BSP/Components/ili9341/ili9341.o
 .ARM.attributes
                0x000001af       0x34 ./Drivers/BSP/Components/l3gd20/l3gd20.o
 .ARM.attributes
                0x000001e3       0x34 ./Drivers/BSP/STM32F429I-Discovery/stm32f429i_discovery.o
 .ARM.attributes
                0x00000217       0x34 ./Drivers/BSP/STM32F429I-Discovery/stm32f429i_discovery_gyroscope.o
 .ARM.attributes
                0x0000024b       0x34 ./Drivers/BSP/STM32F429I-Discovery/stm32f429i_discovery_lcd.o
 .ARM.attributes
                0x0000027f       0x34 ./Drivers/BSP/STM32F429I-Discovery/stm32f429i_discovery_sdram.o
 .ARM.attributes
                0x000002b3       0x34 ./Drivers/STM32F4xx_HAL_Driver/Src/stm32f4xx_hal.o
 .ARM.attributes
                0x000002e7       0x34 ./Drivers/STM32F4xx_HAL_Driver/Src/stm32f4xx_hal_cortex.o
 .ARM.attributes
                0x0000031b       0x34 ./Drivers/STM32F4xx_HAL_Driver/Src/stm32f4xx_hal_dma.o
 .ARM.attributes
                0x0000034f       0x34 ./Drivers/STM32F4xx_HAL_Driver/Src/stm32f4xx_hal_dma2d.o
 .ARM.attributes
                0x00000383       0x34 ./Drivers/STM32F4xx_HAL_Driver/Src/stm32f4xx_hal_gpio.o
 .ARM.attributes
                0x000003b7       0x34 ./Drivers/STM32F4xx_HAL_Driver/Src/stm32f4xx_hal_ltdc.o
 .ARM.attributes
                0x000003eb       0x34 ./Drivers/STM32F4xx_HAL_Driver/Src/stm32f4xx_hal_pcd.o
 .ARM.attributes
                0x0000041f       0x34 ./Drivers/STM32F4xx_HAL_Driver/Src/stm32f4xx_hal_pcd_ex.o
 .ARM.attributes
                0x00000453       0x34 ./Drivers/STM32F4xx_HAL_Driver/Src/stm32f4xx_hal_rcc.o
 .ARM.attributes
                0x00000487       0x34 ./Drivers/STM32F4xx_HAL_Driver/Src/stm32f4xx_hal_rcc_ex.o
 .ARM.attributes
                0x000004bb       0x34 ./Drivers/STM32F4xx_HAL_Driver/Src/stm32f4xx_hal_sdram.o
 .ARM.attributes
                0x000004ef       0x34 ./Drivers/STM32F4xx_HAL_Driver/Src/stm32f4xx_hal_spi.o
 .ARM.attributes
                0x00000523       0x34 ./Drivers/STM32F4xx_HAL_Driver/Src/stm32f4xx_ll_fmc.o
 .ARM.attributes
                0x00000557       0x34 ./Drivers/STM32F4xx_HAL_Driver/Src/stm32f4xx_ll_usb.o
 .ARM.attributes
                0x0000058b       0x34 ./Middlewares/ST/STM32_USB_Device_Library/Class/CDC/Src/usbd_cdc.o
 .ARM.attributes
                0x000005bf       0x34 ./Middlewares/ST/STM32_USB_Device_Library/Core/Src/usbd_core.o
 .ARM.attributes
                0x000005f3       0x34 ./Middlewares/ST/STM32_USB_Device_Library/Core/Src/usbd_ctlreq.o
 .ARM.attributes
                0x00000627       0x34 ./Middlewares/ST/STM32_USB_Device_Library/Core/Src/usbd_ioreq.o
 .ARM.attributes
                0x0000065b       0x34 ./USB_DEVICE/App/usb_device.o
 .ARM.attributes
                0x0000068f       0x34 ./USB_DEVICE/App/usbd_cdc_if.o
 .ARM.attributes
                0x000006c3       0x34 ./USB_DEVICE/App/usbd_desc.o
 .ARM.attributes
                0x000006f7       0x34 ./USB_DEVICE/Target/usbd_conf.o
 .ARM.attributes
                0x0000072b       0x34 C:/ST/STM32CubeIDE_1.16.1/STM32CubeIDE/plugins/com.st.stm32cube.ide.mcu.externaltools.gnu-tools-for-stm32.12.3.rel1.win32_1.0.200.202406191623/tools/bin/../lib/gcc/arm-none-eabi/12.3.1/../../../../arm-none-eabi/lib/thumb/v7e-m+fp/hard\libc_nano.a(libc_a-findfp.o)
 .ARM.attributes
                0x0000075f       0x34 C:/ST/STM32CubeIDE_1.16.1/STM32CubeIDE/plugins/com.st.stm32cube.ide.mcu.externaltools.gnu-tools-for-stm32.12.3.rel1.win32_1.0.200.202406191623/tools/bin/../lib/gcc/arm-none-eabi/12.3.1/../../../../arm-none-eabi/lib/thumb/v7e-m+fp/hard\libc_nano.a(libc_a-sprintf.o)
 .ARM.attributes
                0x00000793       0x34 C:/ST/STM32CubeIDE_1.16.1/STM32CubeIDE/plugins/com.st.stm32cube.ide.mcu.externaltools.gnu-tools-for-stm32.12.3.rel1.win32_1.0.200.202406191623/tools/bin/../lib/gcc/arm-none-eabi/12.3.1/../../../../arm-none-eabi/lib/thumb/v7e-m+fp/hard\libc_nano.a(libc_a-memset.o)
 .ARM.attributes
                0x000007c7       0x34 C:/ST/STM32CubeIDE_1.16.1/STM32CubeIDE/plugins/com.st.stm32cube.ide.mcu.externaltools.gnu-tools-for-stm32.12.3.rel1.win32_1.0.200.202406191623/tools/bin/../lib/gcc/arm-none-eabi/12.3.1/../../../../arm-none-eabi/lib/thumb/v7e-m+fp/hard\libc_nano.a(libc_a-reent.o)
 .ARM.attributes